Log file open, 01/07/26 19:43:31
LogWindows: Failed to load 'aqProf.dll' (GetLastError=126)
LogWindows: File 'aqProf.dll' does not exist
LogWindows: Failed to load 'VtuneApi.dll' (GetLastError=126)
LogWindows: File 'VtuneApi.dll' does not exist
LogWindows: Failed to load 'VtuneApi32e.dll' (GetLastError=126)
LogWindows: File 'VtuneApi32e.dll' does not exist
LogConsoleResponse: Display: Failed to find resolution value strings in scalability ini. Falling back to default.
LogConsoleResponse: Display: Failed to find resolution value strings in scalability ini. Falling back to default.
LogInit: Display: Running engine for game: TopDownShooter01
LogPlatformFile: Not using cached read wrapper
LogTaskGraph: Started task graph with 5 named threads and 23 total threads with 3 sets of task threads.
LogStats: Stats thread started at 0.646168
LogICUInternationalization: ICU TimeZone Detection - Raw Offset: +1:00, Platform Override: ''
LogInit: Display: Loading text-based GConfig....
LogPluginManager: Mounting plugin MeshPainting
LogPluginManager: Mounting plugin XGEController
LogPluginManager: Mounting plugin Paper2D
LogPluginManager: Mounting plugin AISupport
LogPluginManager: Mounting plugin EnvironmentQueryEditor
LogPluginManager: Mounting plugin LightPropagationVolume
LogPluginManager: Mounting plugin OodleData
LogPluginManager: Mounting plugin OodleNetwork
LogPluginManager: Mounting plugin CameraShakePreviewer
LogPluginManager: Mounting plugin GameplayCameras
LogPluginManager: Mounting plugin AnimationSharing
LogPluginManager: Mounting plugin CLionSourceCodeAccess
LogPluginManager: Mounting plugin CodeLiteSourceCodeAccess
LogPluginManager: Mounting plugin GitSourceControl
LogPluginManager: Mounting plugin KDevelopSourceCodeAccess
LogPluginManager: Mounting plugin PerforceSourceControl
LogPluginManager: Mounting plugin NullSourceCodeAccess
LogPluginManager: Mounting plugin PixWinPlugin
LogPluginManager: Mounting plugin PlasticSourceControl
LogPluginManager: Mounting plugin PluginUtils
LogPluginManager: Mounting plugin PropertyAccessNode
LogPluginManager: Mounting plugin RiderSourceCodeAccess
LogPluginManager: Mounting plugin SubversionSourceControl
LogPluginManager: Mounting plugin VisualStudioSourceCodeAccess
LogPluginManager: Mounting plugin UObjectPlugin
LogPluginManager: Mounting plugin VisualStudioCodeSourceCodeAccess
LogPluginManager: Mounting plugin XCodeSourceCodeAccess
LogPluginManager: Mounting plugin TextureFormatOodle
LogPluginManager: Mounting plugin AssetManagerEditor
LogPluginManager: Mounting plugin CryptoKeys
LogPluginManager: Mounting plugin CurveEditorTools
LogPluginManager: Mounting plugin FacialAnimation
LogPluginManager: Mounting plugin GeometryMode
LogPluginManager: Mounting plugin GameplayTagsEditor
LogPluginManager: Mounting plugin MacGraphicsSwitching
LogPluginManager: Mounting plugin DataValidation
LogPluginManager: Mounting plugin MaterialAnalyzer
LogPluginManager: Mounting plugin PluginBrowser
LogPluginManager: Mounting plugin MobileLauncherProfileWizard
LogPluginManager: Mounting plugin DatasmithContent
LogPluginManager: Mounting plugin VariantManagerContent
LogPluginManager: Mounting plugin SpeedTreeImporter
LogPluginManager: Mounting plugin Niagara
LogPluginManager: Mounting plugin AlembicImporter
LogPluginManager: Mounting plugin AutomationUtils
LogPluginManager: Mounting plugin BackChannel
LogPluginManager: Mounting plugin ChaosCloth
LogPluginManager: Mounting plugin ChaosClothEditor
LogPluginManager: Mounting plugin ChaosNiagara
LogPluginManager: Mounting plugin ChaosSolverPlugin
LogPluginManager: Mounting plugin CharacterAI
LogPluginManager: Mounting plugin GeometryCache
LogPluginManager: Mounting plugin ChaosEditor
LogPluginManager: Mounting plugin GeometryProcessing
LogPluginManager: Mounting plugin GeometryCollectionPlugin
LogPluginManager: Mounting plugin MotoSynth
LogPluginManager: Mounting plugin OpenImageDenoise
LogPluginManager: Mounting plugin PlanarCut
LogPluginManager: Mounting plugin PlatformCrypto
LogPluginManager: Mounting plugin ProxyLODPlugin
LogPluginManager: Mounting plugin PythonScriptPlugin
LogPluginManager: Mounting plugin LuminPlatformFeatures
LogPluginManager: Mounting plugin MagicLeap
LogPluginManager: Mounting plugin MagicLeapLightEstimation
LogPluginManager: Mounting plugin MagicLeapMedia
LogPluginManager: Mounting plugin MagicLeapPassableWorld
LogPluginManager: Mounting plugin MLSDK
LogPluginManager: Mounting plugin SkeletalReduction
LogPluginManager: Mounting plugin AndroidMedia
LogPluginManager: Mounting plugin AvfMedia
LogPluginManager: Mounting plugin MediaCompositing
LogPluginManager: Mounting plugin ImgMedia
LogPluginManager: Mounting plugin MediaPlayerEditor
LogPluginManager: Mounting plugin WebMMedia
LogPluginManager: Mounting plugin TcpMessaging
LogPluginManager: Mounting plugin ActorSequence
LogPluginManager: Mounting plugin LevelSequenceEditor
LogPluginManager: Mounting plugin MatineeToLevelSequence
LogPluginManager: Mounting plugin UdpMessaging
LogPluginManager: Mounting plugin TemplateSequence
LogPluginManager: Mounting plugin OnlineSubsystem
LogPluginManager: Mounting plugin OnlineSubsystemNull
LogPluginManager: Mounting plugin OnlineSubsystemUtils
LogPluginManager: Mounting plugin LauncherChunkInstaller
LogPluginManager: Mounting plugin ActorLayerUtilities
LogPluginManager: Mounting plugin AndroidMoviePlayer
LogPluginManager: Mounting plugin AndroidPermission
LogPluginManager: Mounting plugin AndroidDeviceProfileSelector
LogPluginManager: Mounting plugin AppleImageUtils
LogPluginManager: Mounting plugin ArchVisCharacter
LogPluginManager: Mounting plugin AppleMoviePlayer
LogPluginManager: Mounting plugin AssetTags
LogPluginManager: Mounting plugin AudioCapture
LogPluginManager: Mounting plugin AudioSynesthesia
LogPluginManager: Mounting plugin CableComponent
LogPluginManager: Mounting plugin ChunkDownloader
LogPluginManager: Mounting plugin CustomMeshComponent
LogPluginManager: Mounting plugin EditableMesh
LogPluginManager: Mounting plugin ExampleDeviceProfileSelector
LogPluginManager: Mounting plugin WmfMedia
LogPluginManager: Mounting plugin GoogleCloudMessaging
LogPluginManager: Mounting plugin GooglePAD
LogPluginManager: Mounting plugin LinuxDeviceProfileSelector
LogPluginManager: Mounting plugin IOSDeviceProfileSelector
LogPluginManager: Mounting plugin LocationServicesBPLibrary
LogPluginManager: Mounting plugin MobilePatchingUtils
LogPluginManager: Mounting plugin OpenXR
LogPluginManager: Mounting plugin OpenXREyeTracker
LogPluginManager: Mounting plugin OpenXRHandTracking
LogPluginManager: Mounting plugin PhysXVehicles
LogPluginManager: Mounting plugin PostSplashScreen
LogPluginManager: Mounting plugin ProceduralMeshComponent
LogPluginManager: Mounting plugin PropertyAccessEditor
LogPluginManager: Mounting plugin RuntimePhysXCooking
LogPluginManager: Mounting plugin SignificanceManager
LogPluginManager: Mounting plugin SoundFields
LogPluginManager: Mounting plugin Synthesis
LogPluginManager: Mounting plugin WebMMoviePlayer
LogPluginManager: Mounting plugin WindowsMoviePlayer
LogPluginManager: Mounting plugin ScreenshotTools
LogPluginManager: Mounting plugin Takes
LogPluginManager: Mounting plugin LiveLink
LogPluginManager: Mounting plugin ContentBrowserAssetDataSource
LogPluginManager: Mounting plugin ContentBrowserClassDataSource
LogPluginManager: Mounting plugin ContentBrowserFileDataSource
LogPluginManager: Mounting plugin OnlineSubsystemGooglePlay
LogPluginManager: Mounting plugin OnlineSubsystemIOS
LogPluginManager: Mounting plugin OculusVR
LogPluginManager: Mounting plugin SteamVR
PixWinPlugin: PIX capture plugin failed to initialize! Check that the process is launched from PIX.
LogInit: Using libcurl 7.55.1-DEV
LogInit:  - built for x86_64-pc-win32
LogInit:  - supports SSL with OpenSSL/1.1.1
LogInit:  - supports HTTP deflate (compression) using libz 1.2.8
LogInit:  - other features:
LogInit:      CURL_VERSION_SSL
LogInit:      CURL_VERSION_LIBZ
LogInit:      CURL_VERSION_IPV6
LogInit:      CURL_VERSION_ASYNCHDNS
LogInit:      CURL_VERSION_LARGEFILE
LogInit:      CURL_VERSION_IDN
LogInit:  CurlRequestOptions (configurable via config and command line):
LogInit:  - bVerifyPeer = true  - Libcurl will verify peer certificate
LogInit:  - bUseHttpProxy = false  - Libcurl will NOT use HTTP proxy
LogInit:  - bDontReuseConnections = false  - Libcurl will reuse connections
LogInit:  - MaxHostConnections = 16  - Libcurl will limit the number of connections to a host
LogInit:  - LocalHostAddr = Default
LogInit:  - BufferSize = 65536
LogOnline: OSS: Creating online subsystem instance for: NULL
LogInit: WinSock: version 1.1 (2.2), MaxSocks=32767, MaxUdp=65467
LogOnline: OSS: TryLoadSubsystemAndSetDefault: Loaded subsystem for module [NULL]
LogOculusPluginWrapper: OculusPlugin initialized successfully
LogHMD: Failed initializing OVRPlugin 1.59.0
LogInit: Build: ++UE4+Release-4.27-CL-18319896
LogInit: Engine Version: 4.27.2-18319896+++UE4+Release-4.27
LogInit: Compatible Engine Version: 4.27.0-17155196+++UE4+Release-4.27
LogInit: Net CL: 17155196
LogInit: OS: Windows 10 (Release 2009) (), CPU: Intel(R) Core(TM) i7-10610U CPU @ 1.80GHz, GPU: Intel(R) UHD Graphics
LogInit: Compiled (64-bit): Nov 30 2021 07:12:08
LogInit: Compiled with Visual C++: 19.24.28315.00
LogInit: Build Configuration: Development
LogInit: Branch Name: ++UE4+Release-4.27
LogInit: Command Line: 
LogInit: Base Directory: C:/Program Files/Epic Games/UE_4.27/Engine/Binaries/Win64/
LogInit: Allocator: TBB
LogInit: Installed Engine Build: 1
LogDevObjectVersion: Number of dev versions registered: 29
LogDevObjectVersion:   Dev-Blueprints (B0D832E4-1F89-4F0D-ACCF-7EB736FD4AA2): 10
LogDevObjectVersion:   Dev-Build (E1C64328-A22C-4D53-A36C-8E866417BD8C): 0
LogDevObjectVersion:   Dev-Core (375EC13C-06E4-48FB-B500-84F0262A717E): 4
LogDevObjectVersion:   Dev-Editor (E4B068ED-F494-42E9-A231-DA0B2E46BB41): 40
LogDevObjectVersion:   Dev-Framework (CFFC743F-43B0-4480-9391-14DF171D2073): 37
LogDevObjectVersion:   Dev-Mobile (B02B49B5-BB20-44E9-A304-32B752E40360): 3
LogDevObjectVersion:   Dev-Networking (A4E4105C-59A1-49B5-A7C5-40C4547EDFEE): 0
LogDevObjectVersion:   Dev-Online (39C831C9-5AE6-47DC-9A44-9C173E1C8E7C): 0
LogDevObjectVersion:   Dev-Physics (78F01B33-EBEA-4F98-B9B4-84EACCB95AA2): 14
LogDevObjectVersion:   Dev-Platform (6631380F-2D4D-43E0-8009-CF276956A95A): 0
LogDevObjectVersion:   Dev-Rendering (12F88B9F-8875-4AFC-A67C-D90C383ABD29): 45
LogDevObjectVersion:   Dev-Sequencer (7B5AE74C-D270-4C10-A958-57980B212A5A): 13
LogDevObjectVersion:   Dev-VR (D7296918-1DD6-4BDD-9DE2-64A83CC13884): 3
LogDevObjectVersion:   Dev-LoadTimes (C2A15278-BFE7-4AFE-6C17-90FF531DF755): 1
LogDevObjectVersion:   Private-Geometry (6EACA3D4-40EC-4CC1-B786-8BED09428FC5): 3
LogDevObjectVersion:   Dev-AnimPhys (29E575DD-E0A3-4627-9D10-D276232CDCEA): 17
LogDevObjectVersion:   Dev-Anim (AF43A65D-7FD3-4947-9873-3E8ED9C1BB05): 15
LogDevObjectVersion:   Dev-ReflectionCapture (6B266CEC-1EC7-4B8F-A30B-E4D90942FC07): 1
LogDevObjectVersion:   Dev-Automation (0DF73D61-A23F-47EA-B727-89E90C41499A): 1
LogDevObjectVersion:   FortniteMain (601D1886-AC64-4F84-AA16-D3DE0DEAC7D6): 47
LogDevObjectVersion:   FortniteRelease (E7086368-6B23-4C58-8439-1B7016265E91): 1
LogDevObjectVersion:   Dev-Enterprise (9DFFBCD6-494F-0158-E221-12823C92A888): 10
LogDevObjectVersion:   Dev-Niagara (F2AED0AC-9AFE-416F-8664-AA7FFA26D6FC): 1
LogDevObjectVersion:   Dev-Destruction (174F1F0B-B4C6-45A5-B13F-2EE8D0FB917D): 10
LogDevObjectVersion:   Dev-Physics-Ext (35F94A83-E258-406C-A318-09F59610247C): 41
LogDevObjectVersion:   Dev-PhysicsMaterial-Chaos (B68FC16E-8B1B-42E2-B453-215C058844FE): 1
LogDevObjectVersion:   Dev-CineCamera (B2E18506-4273-CFC2-A54E-F4BB758BBA07): 1
LogDevObjectVersion:   Dev-VirtualProduction (64F58936-FD1B-42BA-BA96-7289D5D0FA4E): 1
LogDevObjectVersion:   Dev-MediaFramework (6F0ED827-A609-4895-9C91-998D90180EA4): 2
LogInit: Presizing for max 25165824 objects, including 0 objects not considered by GC, pre-allocating 0 bytes for permanent pool.
LogConfig: Applying CVar settings from Section [/Script/Engine.StreamingSettings] File [C:/Users/Dom/Desktop/unreal/TopDownShooter01/TopDownShooter01/Saved/Config/Windows/Engine.ini]
LogConfig: Setting CVar [[s.MinBulkDataSizeForAsyncLoading:131072]]
LogConfig: Setting CVar [[s.AsyncLoadingThreadEnabled:0]]
LogConfig: Setting CVar [[s.EventDrivenLoaderEnabled:1]]
LogConfig: Setting CVar [[s.WarnIfTimeLimitExceeded:0]]
LogConfig: Setting CVar [[s.TimeLimitExceededMultiplier:1.5]]
LogConfig: Setting CVar [[s.TimeLimitExceededMinTime:0.005]]
LogConfig: Setting CVar [[s.UseBackgroundLevelStreaming:1]]
LogConfig: Setting CVar [[s.PriorityAsyncLoadingExtraTime:15.0]]
LogConfig: Setting CVar [[s.LevelStreamingActorsUpdateTimeLimit:5.0]]
LogConfig: Setting CVar [[s.PriorityLevelStreamingActorsUpdateExtraTime:5.0]]
LogConfig: Setting CVar [[s.LevelStreamingComponentsRegistrationGranularity:10]]
LogConfig: Setting CVar [[s.UnregisterComponentsTimeLimit:1.0]]
LogConfig: Setting CVar [[s.LevelStreamingComponentsUnregistrationGranularity:5]]
LogConfig: Setting CVar [[s.FlushStreamingOnExit:1]]
LogInit: Object subsystem initialized
LogConfig: Setting CVar [[con.DebugEarlyDefault:1]]
LogConfig: Setting CVar [[r.setres:1280x720]]
[2026.01.07-18.43.33:574][  0]LogConfig: Setting CVar [[r.VSync:0]]
[2026.01.07-18.43.33:574][  0]LogConfig: Setting CVar [[r.RHICmdBypass:0]]
[2026.01.07-18.43.33:574][  0]LogConfig: Applying CVar settings from Section [/Script/Engine.RendererSettings] File [C:/Users/Dom/Desktop/unreal/TopDownShooter01/TopDownShooter01/Saved/Config/Windows/Engine.ini]
[2026.01.07-18.43.33:574][  0]LogConfig: Setting CVar [[r.GPUCrashDebugging:0]]
[2026.01.07-18.43.33:574][  0]LogConfig: Applying CVar settings from Section [/Script/Engine.RendererOverrideSettings] File [C:/Users/Dom/Desktop/unreal/TopDownShooter01/TopDownShooter01/Saved/Config/Windows/Engine.ini]
[2026.01.07-18.43.33:574][  0]LogConfig: Applying CVar settings from Section [/Script/Engine.StreamingSettings] File [C:/Users/Dom/Desktop/unreal/TopDownShooter01/TopDownShooter01/Saved/Config/Windows/Engine.ini]
[2026.01.07-18.43.33:574][  0]LogConfig: Setting CVar [[s.MinBulkDataSizeForAsyncLoading:131072]]
[2026.01.07-18.43.33:574][  0]LogConfig: Setting CVar [[s.AsyncLoadingThreadEnabled:0]]
[2026.01.07-18.43.33:574][  0]LogConfig: Setting CVar [[s.EventDrivenLoaderEnabled:1]]
[2026.01.07-18.43.33:574][  0]LogConfig: Setting CVar [[s.WarnIfTimeLimitExceeded:0]]
[2026.01.07-18.43.33:574][  0]LogConfig: Setting CVar [[s.TimeLimitExceededMultiplier:1.5]]
[2026.01.07-18.43.33:574][  0]LogConfig: Setting CVar [[s.TimeLimitExceededMinTime:0.005]]
[2026.01.07-18.43.33:574][  0]LogConfig: Setting CVar [[s.UseBackgroundLevelStreaming:1]]
[2026.01.07-18.43.33:574][  0]LogConfig: Setting CVar [[s.PriorityAsyncLoadingExtraTime:15.0]]
[2026.01.07-18.43.33:574][  0]LogConfig: Setting CVar [[s.LevelStreamingActorsUpdateTimeLimit:5.0]]
[2026.01.07-18.43.33:574][  0]LogConfig: Setting CVar [[s.PriorityLevelStreamingActorsUpdateExtraTime:5.0]]
[2026.01.07-18.43.33:574][  0]LogConfig: Setting CVar [[s.LevelStreamingComponentsRegistrationGranularity:10]]
[2026.01.07-18.43.33:574][  0]LogConfig: Setting CVar [[s.UnregisterComponentsTimeLimit:1.0]]
[2026.01.07-18.43.33:574][  0]LogConfig: Setting CVar [[s.LevelStreamingComponentsUnregistrationGranularity:5]]
[2026.01.07-18.43.33:574][  0]LogConfig: Setting CVar [[s.FlushStreamingOnExit:1]]
[2026.01.07-18.43.33:574][  0]LogConfig: Applying CVar settings from Section [/Script/Engine.GarbageCollectionSettings] File [C:/Users/Dom/Desktop/unreal/TopDownShooter01/TopDownShooter01/Saved/Config/Windows/Engine.ini]
[2026.01.07-18.43.33:574][  0]LogConfig: Setting CVar [[gc.MaxObjectsNotConsideredByGC:1]]
[2026.01.07-18.43.33:574][  0]LogConfig: Setting CVar [[gc.SizeOfPermanentObjectPool:0]]
[2026.01.07-18.43.33:574][  0]LogConfig: Setting CVar [[gc.FlushStreamingOnGC:0]]
[2026.01.07-18.43.33:574][  0]LogConfig: Setting CVar [[gc.NumRetriesBeforeForcingGC:10]]
[2026.01.07-18.43.33:574][  0]LogConfig: Setting CVar [[gc.AllowParallelGC:1]]
[2026.01.07-18.43.33:574][  0]LogConfig: Setting CVar [[gc.TimeBetweenPurgingPendingKillObjects:61.1]]
[2026.01.07-18.43.33:574][  0]LogConfig: Setting CVar [[gc.MaxObjectsInEditor:25165824]]
[2026.01.07-18.43.33:574][  0]LogConfig: Setting CVar [[gc.IncrementalBeginDestroyEnabled:1]]
[2026.01.07-18.43.33:574][  0]LogConfig: Setting CVar [[gc.CreateGCClusters:1]]
[2026.01.07-18.43.33:574][  0]LogConfig: Setting CVar [[gc.MinGCClusterSize:5]]
[2026.01.07-18.43.33:574][  0]LogConfig: Setting CVar [[gc.ActorClusteringEnabled:0]]
[2026.01.07-18.43.33:574][  0]LogConfig: Setting CVar [[gc.BlueprintClusteringEnabled:0]]
[2026.01.07-18.43.33:575][  0]LogConfig: Setting CVar [[gc.UseDisregardForGCOnDedicatedServers:0]]
[2026.01.07-18.43.33:575][  0]LogConfig: Setting CVar [[gc.MultithreadedDestructionEnabled:1]]
[2026.01.07-18.43.33:575][  0]LogConfig: Applying CVar settings from Section [/Script/Engine.NetworkSettings] File [C:/Users/Dom/Desktop/unreal/TopDownShooter01/TopDownShooter01/Saved/Config/Windows/Engine.ini]
[2026.01.07-18.43.33:575][  0]LogConfig: Applying CVar settings from Section [/Script/UnrealEd.CookerSettings] File [C:/Users/Dom/Desktop/unreal/TopDownShooter01/TopDownShooter01/Saved/Config/Windows/Engine.ini]
[2026.01.07-18.43.33:601][  0]LogConfig: Applying CVar settings from Section [ViewDistanceQuality@3] File [C:/Users/Dom/Desktop/unreal/TopDownShooter01/TopDownShooter01/Saved/Config/Windows/Scalability.ini]
[2026.01.07-18.43.33:601][  0]LogConfig: Setting CVar [[r.SkeletalMeshLODBias:0]]
[2026.01.07-18.43.33:601][  0]LogConfig: Setting CVar [[r.ViewDistanceScale:1.0]]
[2026.01.07-18.43.33:601][  0]LogConfig: Applying CVar settings from Section [AntiAliasingQuality@3] File [C:/Users/Dom/Desktop/unreal/TopDownShooter01/TopDownShooter01/Saved/Config/Windows/Scalability.ini]
[2026.01.07-18.43.33:601][  0]LogConfig: Setting CVar [[r.PostProcessAAQuality:4]]
[2026.01.07-18.43.33:601][  0]LogConfig: Applying CVar settings from Section [ShadowQuality@3] File [C:/Users/Dom/Desktop/unreal/TopDownShooter01/TopDownShooter01/Saved/Config/Windows/Scalability.ini]
[2026.01.07-18.43.33:601][  0]LogConfig: Setting CVar [[r.LightFunctionQuality:1]]
[2026.01.07-18.43.33:601][  0]LogConfig: Setting CVar [[r.ShadowQuality:5]]
[2026.01.07-18.43.33:601][  0]LogConfig: Setting CVar [[r.Shadow.CSM.MaxCascades:10]]
[2026.01.07-18.43.33:601][  0]LogConfig: Setting CVar [[r.Shadow.MaxResolution:2048]]
[2026.01.07-18.43.33:601][  0]LogConfig: Setting CVar [[r.Shadow.MaxCSMResolution:2048]]
[2026.01.07-18.43.33:601][  0]LogConfig: Setting CVar [[r.Shadow.RadiusThreshold:0.01]]
[2026.01.07-18.43.33:601][  0]LogConfig: Setting CVar [[r.Shadow.DistanceScale:1.0]]
[2026.01.07-18.43.33:601][  0]LogConfig: Setting CVar [[r.Shadow.CSM.TransitionScale:1.0]]
[2026.01.07-18.43.33:601][  0]LogConfig: Setting CVar [[r.Shadow.PreShadowResolutionFactor:1.0]]
[2026.01.07-18.43.33:601][  0]LogConfig: Setting CVar [[r.DistanceFieldShadowing:1]]
[2026.01.07-18.43.33:601][  0]LogConfig: Setting CVar [[r.DistanceFieldAO:1]]
[2026.01.07-18.43.33:601][  0]LogConfig: Setting CVar [[r.AOQuality:2]]
[2026.01.07-18.43.33:601][  0]LogConfig: Setting CVar [[r.VolumetricFog:1]]
[2026.01.07-18.43.33:601][  0]LogConfig: Setting CVar [[r.VolumetricFog.GridPixelSize:8]]
[2026.01.07-18.43.33:601][  0]LogConfig: Setting CVar [[r.VolumetricFog.GridSizeZ:128]]
[2026.01.07-18.43.33:602][  0]LogConfig: Setting CVar [[r.VolumetricFog.HistoryMissSupersampleCount:4]]
[2026.01.07-18.43.33:602][  0]LogConfig: Setting CVar [[r.LightMaxDrawDistanceScale:1]]
[2026.01.07-18.43.33:602][  0]LogConfig: Setting CVar [[r.CapsuleShadows:1]]
[2026.01.07-18.43.33:602][  0]LogConfig: Applying CVar settings from Section [PostProcessQuality@3] File [C:/Users/Dom/Desktop/unreal/TopDownShooter01/TopDownShooter01/Saved/Config/Windows/Scalability.ini]
[2026.01.07-18.43.33:602][  0]LogConfig: Setting CVar [[r.MotionBlurQuality:4]]
[2026.01.07-18.43.33:602][  0]LogConfig: Setting CVar [[r.AmbientOcclusionMipLevelFactor:0.4]]
[2026.01.07-18.43.33:602][  0]LogConfig: Setting CVar [[r.AmbientOcclusionMaxQuality:100]]
[2026.01.07-18.43.33:602][  0]LogConfig: Setting CVar [[r.AmbientOcclusionLevels:-1]]
[2026.01.07-18.43.33:602][  0]LogConfig: Setting CVar [[r.AmbientOcclusionRadiusScale:1.0]]
[2026.01.07-18.43.33:602][  0]LogConfig: Setting CVar [[r.DepthOfFieldQuality:2]]
[2026.01.07-18.43.33:602][  0]LogConfig: Setting CVar [[r.RenderTargetPoolMin:400]]
[2026.01.07-18.43.33:602][  0]LogConfig: Setting CVar [[r.LensFlareQuality:2]]
[2026.01.07-18.43.33:602][  0]LogConfig: Setting CVar [[r.SceneColorFringeQuality:1]]
[2026.01.07-18.43.33:602][  0]LogConfig: Setting CVar [[r.EyeAdaptationQuality:2]]
[2026.01.07-18.43.33:602][  0]LogConfig: Setting CVar [[r.BloomQuality:5]]
[2026.01.07-18.43.33:602][  0]LogConfig: Setting CVar [[r.FastBlurThreshold:100]]
[2026.01.07-18.43.33:602][  0]LogConfig: Setting CVar [[r.Upscale.Quality:3]]
[2026.01.07-18.43.33:602][  0]LogConfig: Setting CVar [[r.Tonemapper.GrainQuantization:1]]
[2026.01.07-18.43.33:602][  0]LogConfig: Setting CVar [[r.LightShaftQuality:1]]
[2026.01.07-18.43.33:602][  0]LogConfig: Setting CVar [[r.Filter.SizeScale:1]]
[2026.01.07-18.43.33:602][  0]LogConfig: Setting CVar [[r.Tonemapper.Quality:5]]
[2026.01.07-18.43.33:602][  0]LogConfig: Setting CVar [[r.DOF.Gather.AccumulatorQuality:1        ; higher gathering accumulator quality]]
[2026.01.07-18.43.33:602][  0]LogConfig: Setting CVar [[r.DOF.Gather.PostfilterMethod:1          ; Median3x3 postfilering method]]
[2026.01.07-18.43.33:602][  0]LogConfig: Setting CVar [[r.DOF.Gather.EnableBokehSettings:0       ; no bokeh simulation when gathering]]
[2026.01.07-18.43.33:602][  0]LogConfig: Setting CVar [[r.DOF.Gather.RingCount:4                 ; medium number of samples when gathering]]
[2026.01.07-18.43.33:602][  0]LogConfig: Setting CVar [[r.DOF.Scatter.ForegroundCompositing:1    ; additive foreground scattering]]
[2026.01.07-18.43.33:602][  0]LogConfig: Setting CVar [[r.DOF.Scatter.BackgroundCompositing:2    ; additive background scattering]]
[2026.01.07-18.43.33:602][  0]LogConfig: Setting CVar [[r.DOF.Scatter.EnableBokehSettings:1      ; bokeh simulation when scattering]]
[2026.01.07-18.43.33:602][  0]LogConfig: Setting CVar [[r.DOF.Scatter.MaxSpriteRatio:0.1         ; only a maximum of 10% of scattered bokeh]]
[2026.01.07-18.43.33:602][  0]LogConfig: Setting CVar [[r.DOF.Recombine.Quality:1                ; cheap slight out of focus]]
[2026.01.07-18.43.33:602][  0]LogConfig: Setting CVar [[r.DOF.Recombine.EnableBokehSettings:0    ; no bokeh simulation on slight out of focus]]
[2026.01.07-18.43.33:602][  0]LogConfig: Setting CVar [[r.DOF.TemporalAAQuality:1                ; more stable temporal accumulation]]
[2026.01.07-18.43.33:602][  0]LogConfig: Setting CVar [[r.DOF.Kernel.MaxForegroundRadius:0.025]]
[2026.01.07-18.43.33:602][  0]LogConfig: Setting CVar [[r.DOF.Kernel.MaxBackgroundRadius:0.025]]
[2026.01.07-18.43.33:603][  0]LogConfig: Applying CVar settings from Section [TextureQuality@3] File [C:/Users/Dom/Desktop/unreal/TopDownShooter01/TopDownShooter01/Saved/Config/Windows/Scalability.ini]
[2026.01.07-18.43.33:603][  0]LogConfig: Setting CVar [[r.Streaming.MipBias:0]]
[2026.01.07-18.43.33:603][  0]LogConfig: Setting CVar [[r.Streaming.AmortizeCPUToGPUCopy:0]]
[2026.01.07-18.43.33:603][  0]LogConfig: Setting CVar [[r.Streaming.MaxNumTexturesToStreamPerFrame:0]]
[2026.01.07-18.43.33:603][  0]LogConfig: Setting CVar [[r.Streaming.Boost:1]]
[2026.01.07-18.43.33:603][  0]LogConfig: Setting CVar [[r.MaxAnisotropy:8]]
[2026.01.07-18.43.33:603][  0]LogConfig: Setting CVar [[r.VT.MaxAnisotropy:8]]
[2026.01.07-18.43.33:603][  0]LogConfig: Setting CVar [[r.Streaming.LimitPoolSizeToVRAM:0]]
[2026.01.07-18.43.33:603][  0]LogConfig: Setting CVar [[r.Streaming.PoolSize:1000]]
[2026.01.07-18.43.33:603][  0]LogConfig: Setting CVar [[r.Streaming.MaxEffectiveScreenSize:0]]
[2026.01.07-18.43.33:603][  0]LogConfig: Applying CVar settings from Section [EffectsQuality@3] File [C:/Users/Dom/Desktop/unreal/TopDownShooter01/TopDownShooter01/Saved/Config/Windows/Scalability.ini]
[2026.01.07-18.43.33:603][  0]LogConfig: Setting CVar [[r.TranslucencyLightingVolumeDim:64]]
[2026.01.07-18.43.33:603][  0]LogConfig: Setting CVar [[r.RefractionQuality:2]]
[2026.01.07-18.43.33:603][  0]LogConfig: Setting CVar [[r.SSR.Quality:3]]
[2026.01.07-18.43.33:603][  0]LogConfig: Setting CVar [[r.SSR.HalfResSceneColor:0]]
[2026.01.07-18.43.33:603][  0]LogConfig: Setting CVar [[r.SceneColorFormat:4]]
[2026.01.07-18.43.33:603][  0]LogConfig: Setting CVar [[r.DetailMode:2]]
[2026.01.07-18.43.33:603][  0]LogConfig: Setting CVar [[r.TranslucencyVolumeBlur:1]]
[2026.01.07-18.43.33:603][  0]LogConfig: Setting CVar [[r.MaterialQualityLevel:1 ; High quality]]
[2026.01.07-18.43.33:603][  0]LogConfig: Setting CVar [[r.AnisotropicMaterials:1]]
[2026.01.07-18.43.33:603][  0]LogConfig: Setting CVar [[r.SSS.Scale:1]]
[2026.01.07-18.43.33:603][  0]LogConfig: Setting CVar [[r.SSS.SampleSet:2]]
[2026.01.07-18.43.33:603][  0]LogConfig: Setting CVar [[r.SSS.Quality:1]]
[2026.01.07-18.43.33:603][  0]LogConfig: Setting CVar [[r.SSS.HalfRes:0]]
[2026.01.07-18.43.33:603][  0]LogConfig: Setting CVar [[r.SSGI.Quality:3]]
[2026.01.07-18.43.33:603][  0]LogConfig: Setting CVar [[r.EmitterSpawnRateScale:1.0]]
[2026.01.07-18.43.33:603][  0]LogConfig: Setting CVar [[r.ParticleLightQuality:2]]
[2026.01.07-18.43.33:603][  0]LogConfig: Setting CVar [[r.SkyAtmosphere.AerialPerspectiveLUT.FastApplyOnOpaque:1 ; Always have FastSkyLUT 1 in this case to avoid wrong sky]]
[2026.01.07-18.43.33:603][  0]LogConfig: Setting CVar [[r.SkyAtmosphere.AerialPerspectiveLUT.SampleCountMaxPerSlice:4]]
[2026.01.07-18.43.33:603][  0]LogConfig: Setting CVar [[r.SkyAtmosphere.AerialPerspectiveLUT.DepthResolution:16.0]]
[2026.01.07-18.43.33:603][  0]LogConfig: Setting CVar [[r.SkyAtmosphere.FastSkyLUT:1]]
[2026.01.07-18.43.33:603][  0]LogConfig: Setting CVar [[r.SkyAtmosphere.FastSkyLUT.SampleCountMin:4.0]]
[2026.01.07-18.43.33:603][  0]LogConfig: Setting CVar [[r.SkyAtmosphere.FastSkyLUT.SampleCountMax:128.0]]
[2026.01.07-18.43.33:603][  0]LogConfig: Setting CVar [[r.SkyAtmosphere.SampleCountMin:4.0]]
[2026.01.07-18.43.33:603][  0]LogConfig: Setting CVar [[r.SkyAtmosphere.SampleCountMax:128.0]]
[2026.01.07-18.43.33:603][  0]LogConfig: Setting CVar [[r.SkyAtmosphere.TransmittanceLUT.UseSmallFormat:0]]
[2026.01.07-18.43.33:603][  0]LogConfig: Setting CVar [[r.SkyAtmosphere.TransmittanceLUT.SampleCount:10.0]]
[2026.01.07-18.43.33:603][  0]LogConfig: Setting CVar [[r.SkyAtmosphere.MultiScatteringLUT.SampleCount:15.0]]
[2026.01.07-18.43.33:603][  0]LogConfig: Setting CVar [[r.SkyLight.RealTimeReflectionCapture:1]]
[2026.01.07-18.43.33:603][  0]LogConfig: Applying CVar settings from Section [FoliageQuality@3] File [C:/Users/Dom/Desktop/unreal/TopDownShooter01/TopDownShooter01/Saved/Config/Windows/Scalability.ini]
[2026.01.07-18.43.33:603][  0]LogConfig: Setting CVar [[foliage.DensityScale:1.0]]
[2026.01.07-18.43.33:603][  0]LogConfig: Setting CVar [[grass.DensityScale:1.0]]
[2026.01.07-18.43.33:603][  0]LogConfig: Applying CVar settings from Section [ShadingQuality@3] File [C:/Users/Dom/Desktop/unreal/TopDownShooter01/TopDownShooter01/Saved/Config/Windows/Scalability.ini]
[2026.01.07-18.43.33:603][  0]LogConfig: Setting CVar [[r.HairStrands.SkyLighting.IntegrationType:2]]
[2026.01.07-18.43.33:603][  0]LogConfig: Setting CVar [[r.HairStrands.SkyAO.SampleCount:4]]
[2026.01.07-18.43.33:603][  0]LogConfig: Setting CVar [[r.HairStrands.Visibility.MSAA.SamplePerPixel:4]]
[2026.01.07-18.43.33:603][  0]LogInit: Selected Device Profile: [Windows]
[2026.01.07-18.43.33:605][  0]LogInit: Applying CVar settings loaded from the selected device profile: [Windows]
[2026.01.07-18.43.33:605][  0]LogHAL: Display: Platform has ~ 32 GB [34064621568 / 34359738368 / 32], which maps to Largest [LargestMinGB=32, LargerMinGB=12, DefaultMinGB=8, SmallerMinGB=6, SmallestMinGB=0)
[2026.01.07-18.43.33:605][  0]LogInit: Going up to parent DeviceProfile []
[2026.01.07-18.43.33:605][  0]LogConfig: Applying CVar settings from Section [ViewDistanceQuality@3] File [C:/Users/Dom/Desktop/unreal/TopDownShooter01/TopDownShooter01/Saved/Config/Windows/Scalability.ini]
[2026.01.07-18.43.33:605][  0]LogConfig: Setting CVar [[r.SkeletalMeshLODBias:0]]
[2026.01.07-18.43.33:605][  0]LogConfig: Setting CVar [[r.ViewDistanceScale:1.0]]
[2026.01.07-18.43.33:605][  0]LogConfig: Applying CVar settings from Section [AntiAliasingQuality@3] File [C:/Users/Dom/Desktop/unreal/TopDownShooter01/TopDownShooter01/Saved/Config/Windows/Scalability.ini]
[2026.01.07-18.43.33:605][  0]LogConfig: Setting CVar [[r.PostProcessAAQuality:4]]
[2026.01.07-18.43.33:605][  0]LogConfig: Applying CVar settings from Section [ShadowQuality@3] File [C:/Users/Dom/Desktop/unreal/TopDownShooter01/TopDownShooter01/Saved/Config/Windows/Scalability.ini]
[2026.01.07-18.43.33:605][  0]LogConfig: Setting CVar [[r.LightFunctionQuality:1]]
[2026.01.07-18.43.33:605][  0]LogConfig: Setting CVar [[r.ShadowQuality:5]]
[2026.01.07-18.43.33:605][  0]LogConfig: Setting CVar [[r.Shadow.CSM.MaxCascades:10]]
[2026.01.07-18.43.33:605][  0]LogConfig: Setting CVar [[r.Shadow.MaxResolution:2048]]
[2026.01.07-18.43.33:605][  0]LogConfig: Setting CVar [[r.Shadow.MaxCSMResolution:2048]]
[2026.01.07-18.43.33:605][  0]LogConfig: Setting CVar [[r.Shadow.RadiusThreshold:0.01]]
[2026.01.07-18.43.33:605][  0]LogConfig: Setting CVar [[r.Shadow.DistanceScale:1.0]]
[2026.01.07-18.43.33:605][  0]LogConfig: Setting CVar [[r.Shadow.CSM.TransitionScale:1.0]]
[2026.01.07-18.43.33:605][  0]LogConfig: Setting CVar [[r.Shadow.PreShadowResolutionFactor:1.0]]
[2026.01.07-18.43.33:605][  0]LogConfig: Setting CVar [[r.DistanceFieldShadowing:1]]
[2026.01.07-18.43.33:605][  0]LogConfig: Setting CVar [[r.DistanceFieldAO:1]]
[2026.01.07-18.43.33:605][  0]LogConfig: Setting CVar [[r.AOQuality:2]]
[2026.01.07-18.43.33:605][  0]LogConfig: Setting CVar [[r.VolumetricFog:1]]
[2026.01.07-18.43.33:605][  0]LogConfig: Setting CVar [[r.VolumetricFog.GridPixelSize:8]]
[2026.01.07-18.43.33:605][  0]LogConfig: Setting CVar [[r.VolumetricFog.GridSizeZ:128]]
[2026.01.07-18.43.33:605][  0]LogConfig: Setting CVar [[r.VolumetricFog.HistoryMissSupersampleCount:4]]
[2026.01.07-18.43.33:605][  0]LogConfig: Setting CVar [[r.LightMaxDrawDistanceScale:1]]
[2026.01.07-18.43.33:606][  0]LogConfig: Setting CVar [[r.CapsuleShadows:1]]
[2026.01.07-18.43.33:606][  0]LogConfig: Applying CVar settings from Section [PostProcessQuality@3] File [C:/Users/Dom/Desktop/unreal/TopDownShooter01/TopDownShooter01/Saved/Config/Windows/Scalability.ini]
[2026.01.07-18.43.33:606][  0]LogConfig: Setting CVar [[r.MotionBlurQuality:4]]
[2026.01.07-18.43.33:606][  0]LogConfig: Setting CVar [[r.AmbientOcclusionMipLevelFactor:0.4]]
[2026.01.07-18.43.33:606][  0]LogConfig: Setting CVar [[r.AmbientOcclusionMaxQuality:100]]
[2026.01.07-18.43.33:606][  0]LogConfig: Setting CVar [[r.AmbientOcclusionLevels:-1]]
[2026.01.07-18.43.33:606][  0]LogConfig: Setting CVar [[r.AmbientOcclusionRadiusScale:1.0]]
[2026.01.07-18.43.33:606][  0]LogConfig: Setting CVar [[r.DepthOfFieldQuality:2]]
[2026.01.07-18.43.33:606][  0]LogConfig: Setting CVar [[r.RenderTargetPoolMin:400]]
[2026.01.07-18.43.33:606][  0]LogConfig: Setting CVar [[r.LensFlareQuality:2]]
[2026.01.07-18.43.33:606][  0]LogConfig: Setting CVar [[r.SceneColorFringeQuality:1]]
[2026.01.07-18.43.33:606][  0]LogConfig: Setting CVar [[r.EyeAdaptationQuality:2]]
[2026.01.07-18.43.33:606][  0]LogConfig: Setting CVar [[r.BloomQuality:5]]
[2026.01.07-18.43.33:606][  0]LogConfig: Setting CVar [[r.FastBlurThreshold:100]]
[2026.01.07-18.43.33:606][  0]LogConfig: Setting CVar [[r.Upscale.Quality:3]]
[2026.01.07-18.43.33:606][  0]LogConfig: Setting CVar [[r.Tonemapper.GrainQuantization:1]]
[2026.01.07-18.43.33:606][  0]LogConfig: Setting CVar [[r.LightShaftQuality:1]]
[2026.01.07-18.43.33:606][  0]LogConfig: Setting CVar [[r.Filter.SizeScale:1]]
[2026.01.07-18.43.33:606][  0]LogConfig: Setting CVar [[r.Tonemapper.Quality:5]]
[2026.01.07-18.43.33:606][  0]LogConfig: Setting CVar [[r.DOF.Gather.AccumulatorQuality:1        ; higher gathering accumulator quality]]
[2026.01.07-18.43.33:606][  0]LogConfig: Setting CVar [[r.DOF.Gather.PostfilterMethod:1          ; Median3x3 postfilering method]]
[2026.01.07-18.43.33:606][  0]LogConfig: Setting CVar [[r.DOF.Gather.EnableBokehSettings:0       ; no bokeh simulation when gathering]]
[2026.01.07-18.43.33:606][  0]LogConfig: Setting CVar [[r.DOF.Gather.RingCount:4                 ; medium number of samples when gathering]]
[2026.01.07-18.43.33:606][  0]LogConfig: Setting CVar [[r.DOF.Scatter.ForegroundCompositing:1    ; additive foreground scattering]]
[2026.01.07-18.43.33:606][  0]LogConfig: Setting CVar [[r.DOF.Scatter.BackgroundCompositing:2    ; additive background scattering]]
[2026.01.07-18.43.33:606][  0]LogConfig: Setting CVar [[r.DOF.Scatter.EnableBokehSettings:1      ; bokeh simulation when scattering]]
[2026.01.07-18.43.33:606][  0]LogConfig: Setting CVar [[r.DOF.Scatter.MaxSpriteRatio:0.1         ; only a maximum of 10% of scattered bokeh]]
[2026.01.07-18.43.33:606][  0]LogConfig: Setting CVar [[r.DOF.Recombine.Quality:1                ; cheap slight out of focus]]
[2026.01.07-18.43.33:606][  0]LogConfig: Setting CVar [[r.DOF.Recombine.EnableBokehSettings:0    ; no bokeh simulation on slight out of focus]]
[2026.01.07-18.43.33:606][  0]LogConfig: Setting CVar [[r.DOF.TemporalAAQuality:1                ; more stable temporal accumulation]]
[2026.01.07-18.43.33:606][  0]LogConfig: Setting CVar [[r.DOF.Kernel.MaxForegroundRadius:0.025]]
[2026.01.07-18.43.33:606][  0]LogConfig: Setting CVar [[r.DOF.Kernel.MaxBackgroundRadius:0.025]]
[2026.01.07-18.43.33:607][  0]LogConfig: Applying CVar settings from Section [TextureQuality@3] File [C:/Users/Dom/Desktop/unreal/TopDownShooter01/TopDownShooter01/Saved/Config/Windows/Scalability.ini]
[2026.01.07-18.43.33:607][  0]LogConfig: Setting CVar [[r.Streaming.MipBias:0]]
[2026.01.07-18.43.33:607][  0]LogConfig: Setting CVar [[r.Streaming.AmortizeCPUToGPUCopy:0]]
[2026.01.07-18.43.33:607][  0]LogConfig: Setting CVar [[r.Streaming.MaxNumTexturesToStreamPerFrame:0]]
[2026.01.07-18.43.33:607][  0]LogConfig: Setting CVar [[r.Streaming.Boost:1]]
[2026.01.07-18.43.33:607][  0]LogConfig: Setting CVar [[r.MaxAnisotropy:8]]
[2026.01.07-18.43.33:607][  0]LogConfig: Setting CVar [[r.VT.MaxAnisotropy:8]]
[2026.01.07-18.43.33:607][  0]LogConfig: Setting CVar [[r.Streaming.LimitPoolSizeToVRAM:0]]
[2026.01.07-18.43.33:607][  0]LogConfig: Setting CVar [[r.Streaming.PoolSize:1000]]
[2026.01.07-18.43.33:607][  0]LogConfig: Setting CVar [[r.Streaming.MaxEffectiveScreenSize:0]]
[2026.01.07-18.43.33:607][  0]LogConfig: Applying CVar settings from Section [EffectsQuality@3] File [C:/Users/Dom/Desktop/unreal/TopDownShooter01/TopDownShooter01/Saved/Config/Windows/Scalability.ini]
[2026.01.07-18.43.33:607][  0]LogConfig: Setting CVar [[r.TranslucencyLightingVolumeDim:64]]
[2026.01.07-18.43.33:607][  0]LogConfig: Setting CVar [[r.RefractionQuality:2]]
[2026.01.07-18.43.33:607][  0]LogConfig: Setting CVar [[r.SSR.Quality:3]]
[2026.01.07-18.43.33:607][  0]LogConfig: Setting CVar [[r.SSR.HalfResSceneColor:0]]
[2026.01.07-18.43.33:607][  0]LogConfig: Setting CVar [[r.SceneColorFormat:4]]
[2026.01.07-18.43.33:607][  0]LogConfig: Setting CVar [[r.DetailMode:2]]
[2026.01.07-18.43.33:607][  0]LogConfig: Setting CVar [[r.TranslucencyVolumeBlur:1]]
[2026.01.07-18.43.33:607][  0]LogConfig: Setting CVar [[r.MaterialQualityLevel:1 ; High quality]]
[2026.01.07-18.43.33:607][  0]LogConfig: Setting CVar [[r.AnisotropicMaterials:1]]
[2026.01.07-18.43.33:607][  0]LogConfig: Setting CVar [[r.SSS.Scale:1]]
[2026.01.07-18.43.33:607][  0]LogConfig: Setting CVar [[r.SSS.SampleSet:2]]
[2026.01.07-18.43.33:607][  0]LogConfig: Setting CVar [[r.SSS.Quality:1]]
[2026.01.07-18.43.33:607][  0]LogConfig: Setting CVar [[r.SSS.HalfRes:0]]
[2026.01.07-18.43.33:607][  0]LogConfig: Setting CVar [[r.SSGI.Quality:3]]
[2026.01.07-18.43.33:607][  0]LogConfig: Setting CVar [[r.EmitterSpawnRateScale:1.0]]
[2026.01.07-18.43.33:607][  0]LogConfig: Setting CVar [[r.ParticleLightQuality:2]]
[2026.01.07-18.43.33:607][  0]LogConfig: Setting CVar [[r.SkyAtmosphere.AerialPerspectiveLUT.FastApplyOnOpaque:1 ; Always have FastSkyLUT 1 in this case to avoid wrong sky]]
[2026.01.07-18.43.33:607][  0]LogConfig: Setting CVar [[r.SkyAtmosphere.AerialPerspectiveLUT.SampleCountMaxPerSlice:4]]
[2026.01.07-18.43.33:607][  0]LogConfig: Setting CVar [[r.SkyAtmosphere.AerialPerspectiveLUT.DepthResolution:16.0]]
[2026.01.07-18.43.33:607][  0]LogConfig: Setting CVar [[r.SkyAtmosphere.FastSkyLUT:1]]
[2026.01.07-18.43.33:607][  0]LogConfig: Setting CVar [[r.SkyAtmosphere.FastSkyLUT.SampleCountMin:4.0]]
[2026.01.07-18.43.33:607][  0]LogConfig: Setting CVar [[r.SkyAtmosphere.FastSkyLUT.SampleCountMax:128.0]]
[2026.01.07-18.43.33:607][  0]LogConfig: Setting CVar [[r.SkyAtmosphere.SampleCountMin:4.0]]
[2026.01.07-18.43.33:607][  0]LogConfig: Setting CVar [[r.SkyAtmosphere.SampleCountMax:128.0]]
[2026.01.07-18.43.33:607][  0]LogConfig: Setting CVar [[r.SkyAtmosphere.TransmittanceLUT.UseSmallFormat:0]]
[2026.01.07-18.43.33:607][  0]LogConfig: Setting CVar [[r.SkyAtmosphere.TransmittanceLUT.SampleCount:10.0]]
[2026.01.07-18.43.33:607][  0]LogConfig: Setting CVar [[r.SkyAtmosphere.MultiScatteringLUT.SampleCount:15.0]]
[2026.01.07-18.43.33:607][  0]LogConfig: Setting CVar [[r.SkyLight.RealTimeReflectionCapture:1]]
[2026.01.07-18.43.33:607][  0]LogConfig: Applying CVar settings from Section [FoliageQuality@3] File [C:/Users/Dom/Desktop/unreal/TopDownShooter01/TopDownShooter01/Saved/Config/Windows/Scalability.ini]
[2026.01.07-18.43.33:607][  0]LogConfig: Setting CVar [[foliage.DensityScale:1.0]]
[2026.01.07-18.43.33:607][  0]LogConfig: Setting CVar [[grass.DensityScale:1.0]]
[2026.01.07-18.43.33:607][  0]LogConfig: Applying CVar settings from Section [ShadingQuality@3] File [C:/Users/Dom/Desktop/unreal/TopDownShooter01/TopDownShooter01/Saved/Config/Windows/Scalability.ini]
[2026.01.07-18.43.33:607][  0]LogConfig: Setting CVar [[r.HairStrands.SkyLighting.IntegrationType:2]]
[2026.01.07-18.43.33:607][  0]LogConfig: Setting CVar [[r.HairStrands.SkyAO.SampleCount:4]]
[2026.01.07-18.43.33:607][  0]LogConfig: Setting CVar [[r.HairStrands.Visibility.MSAA.SamplePerPixel:4]]
[2026.01.07-18.43.33:607][  0]LogConfig: Applying CVar settings from Section [Startup] File [../../../Engine/Config/ConsoleVariables.ini]
[2026.01.07-18.43.33:608][  0]LogConfig: Setting CVar [[net.UseAdaptiveNetUpdateFrequency:0]]
[2026.01.07-18.43.33:608][  0]LogConfig: Setting CVar [[p.chaos.AllowCreatePhysxBodies:1]]
[2026.01.07-18.43.33:608][  0]LogConfig: Setting CVar [[fx.SkipVectorVMBackendOptimizations:1]]
[2026.01.07-18.43.33:608][  0]LogConfig: Applying CVar settings from Section [ConsoleVariables] File [C:/Users/Dom/Desktop/unreal/TopDownShooter01/TopDownShooter01/Saved/Config/Windows/Engine.ini]
[2026.01.07-18.43.33:608][  0]LogConfig: Applying CVar settings from Section [ConsoleVariables] File [C:/Users/Dom/Desktop/unreal/TopDownShooter01/TopDownShooter01/Saved/Config/Windows/Editor.ini]
[2026.01.07-18.43.33:608][  0]LogInit: Computer: DESKTOP-N1SACPM
[2026.01.07-18.43.33:608][  0]LogInit: User: Dom
[2026.01.07-18.43.33:608][  0]LogInit: CPU Page size=4096, Cores=4
[2026.01.07-18.43.33:608][  0]LogInit: High frequency timer resolution =10.000000 MHz
[2026.01.07-18.43.33:608][  0]LogMemory: Memory total: Physical=31.7GB (32GB approx)
[2026.01.07-18.43.33:608][  0]LogMemory: Platform Memory Stats for Windows
[2026.01.07-18.43.33:608][  0]LogMemory: Process Physical Memory: 147.69 MB used, 147.69 MB peak
[2026.01.07-18.43.33:608][  0]LogMemory: Process Virtual Memory: 127.07 MB used, 127.07 MB peak
[2026.01.07-18.43.33:608][  0]LogMemory: Physical Memory: 13108.28 MB used,  19378.27 MB free, 32486.55 MB total
[2026.01.07-18.43.33:608][  0]LogMemory: Virtual Memory: 134198456.00 MB used,  19272.81 MB free, 134217728.00 MB total
[2026.01.07-18.43.33:630][  0]LogWindows: WindowsPlatformFeatures enabled
[2026.01.07-18.43.33:779][  0]LogInit: Physics initialised using underlying interface: PhysX
[2026.01.07-18.43.33:781][  0]LogInit: Using OS detected language (pl-PL).
[2026.01.07-18.43.33:781][  0]LogInit: Using OS detected locale (pl-PL).
[2026.01.07-18.43.33:793][  0]LogTextLocalizationManager: No specific localization for 'pl-PL' exists, so the 'pl' localization will be used.
[2026.01.07-18.43.33:793][  0]LogTextLocalizationResource: LocRes '../../../Engine/Content/Localization/Editor/pl/Editor.locres' could not be opened for reading!
[2026.01.07-18.43.33:794][  0]LogTextLocalizationResource: LocRes '../../../Engine/Content/Localization/EditorTutorials/pl/EditorTutorials.locres' could not be opened for reading!
[2026.01.07-18.43.33:794][  0]LogTextLocalizationResource: LocRes '../../../Engine/Content/Localization/Keywords/pl/Keywords.locres' could not be opened for reading!
[2026.01.07-18.43.33:794][  0]LogTextLocalizationResource: LocRes '../../../Engine/Content/Localization/Category/pl/Category.locres' could not be opened for reading!
[2026.01.07-18.43.33:794][  0]LogTextLocalizationResource: LocRes '../../../Engine/Content/Localization/ToolTips/pl/ToolTips.locres' could not be opened for reading!
[2026.01.07-18.43.33:794][  0]LogTextLocalizationResource: LocRes '../../../Engine/Content/Localization/PropertyNames/pl/PropertyNames.locres' could not be opened for reading!
[2026.01.07-18.43.33:794][  0]LogTextLocalizationResource: LocRes '../../../Engine/Content/Localization/Engine/pl/Engine.locres' could not be opened for reading!
[2026.01.07-18.43.33:796][  0]LogInit: Setting process to per monitor DPI aware
[2026.01.07-18.43.33:825][  0]LogWindowsTextInputMethodSystem: Display: IME system deactivated.
[2026.01.07-18.43.33:868][  0]LogSlate: New Slate User Created.  User Index 0, Is Virtual User: 0
[2026.01.07-18.43.33:868][  0]LogSlate: Slate User Registered.  User Index 0, Is Virtual User: 0
[2026.01.07-18.43.34:224][  0]LogD3D11RHI: Loaded GFSDK_Aftermath_Lib.x64.dll
[2026.01.07-18.43.34:238][  0]LogHMD: Failed to initialize OpenVR with code 110
[2026.01.07-18.43.34:238][  0]LogD3D11RHI: D3D11 min allowed feature level: 11_0
[2026.01.07-18.43.34:238][  0]LogD3D11RHI: D3D11 max allowed feature level: 11_0
[2026.01.07-18.43.34:238][  0]LogD3D11RHI: D3D11 adapters:
[2026.01.07-18.43.34:371][  0]LogD3D11RHI:    0. 'Intel(R) UHD Graphics' (Feature Level 11_0)
[2026.01.07-18.43.34:371][  0]LogD3D11RHI:       128/0/16243 MB DedicatedVideo/DedicatedSystem/SharedSystem, Outputs:2, VendorId:0x8086
[2026.01.07-18.43.34:376][  0]LogD3D11RHI:    1. 'Microsoft Basic Render Driver' (Feature Level 11_0)
[2026.01.07-18.43.34:376][  0]LogD3D11RHI:       0/0/16243 MB DedicatedVideo/DedicatedSystem/SharedSystem, Outputs:0, VendorId:0x1414
[2026.01.07-18.43.34:376][  0]LogD3D11RHI: Chosen D3D11 Adapter:
[2026.01.07-18.43.34:376][  0]LogD3D11RHI:     Description : Intel(R) UHD Graphics
[2026.01.07-18.43.34:376][  0]LogD3D11RHI:     VendorId    : 8086
[2026.01.07-18.43.34:376][  0]LogD3D11RHI:     DeviceId    : 9b41
[2026.01.07-18.43.34:376][  0]LogD3D11RHI:     SubSysId    : 22b117aa
[2026.01.07-18.43.34:376][  0]LogD3D11RHI:     Revision    : 0002
[2026.01.07-18.43.34:376][  0]LogD3D11RHI:     DedicatedVideoMemory : 134217728 bytes
[2026.01.07-18.43.34:377][  0]LogD3D11RHI:     DedicatedSystemMemory : 0 bytes
[2026.01.07-18.43.34:377][  0]LogD3D11RHI:     SharedSystemMemory : 17032310784 bytes
[2026.01.07-18.43.34:377][  0]LogD3D11RHI:     AdapterLuid : 0 1441677136
[2026.01.07-18.43.34:389][  0]LogD3D11RHI: Creating new Direct3DDevice
[2026.01.07-18.43.34:389][  0]LogD3D11RHI:     GPU DeviceId: 0x9b41 (for the marketing name, search the web for "GPU Device Id")
[2026.01.07-18.43.34:389][  0]LogWindows: EnumDisplayDevices:
[2026.01.07-18.43.34:389][  0]LogWindows:    0. 'Intel(R) UHD Graphics' (P:1 D:1)
[2026.01.07-18.43.34:390][  0]LogWindows:    1. 'Intel(R) UHD Graphics' (P:0 D:1)
[2026.01.07-18.43.34:390][  0]LogWindows:    2. 'Intel(R) UHD Graphics' (P:0 D:0)
[2026.01.07-18.43.34:391][  0]LogWindows: DebugString: FoundDriverCount:3 
[2026.01.07-18.43.34:391][  0]LogD3D11RHI:     Adapter Name: Intel(R) UHD Graphics
[2026.01.07-18.43.34:391][  0]LogD3D11RHI:   Driver Version: 31.0.101.2135 (internal:31.0.101.2135, unified:31.0.101.2135)
[2026.01.07-18.43.34:391][  0]LogD3D11RHI:      Driver Date: 3-6-2025
[2026.01.07-18.43.34:391][  0]LogRHI: Texture pool is 1523 MB (70% of 2176 MB)
[2026.01.07-18.43.34:491][  0]LogD3D11RHI: Creating D3DDevice using adapter:
[2026.01.07-18.43.34:491][  0]LogD3D11RHI:     Description : Intel(R) UHD Graphics
[2026.01.07-18.43.34:491][  0]LogD3D11RHI:     VendorId    : 8086
[2026.01.07-18.43.34:491][  0]LogD3D11RHI:     DeviceId    : 9b41
[2026.01.07-18.43.34:491][  0]LogD3D11RHI:     SubSysId    : 22b117aa
[2026.01.07-18.43.34:491][  0]LogD3D11RHI:     Revision    : 0002
[2026.01.07-18.43.34:491][  0]LogD3D11RHI:     DedicatedVideoMemory : 134217728 bytes
[2026.01.07-18.43.34:491][  0]LogD3D11RHI:     DedicatedSystemMemory : 0 bytes
[2026.01.07-18.43.34:491][  0]LogD3D11RHI:     SharedSystemMemory : 17032310784 bytes
[2026.01.07-18.43.34:491][  0]LogD3D11RHI:     AdapterLuid : 0 1441677136
[2026.01.07-18.43.34:616][  0]LogD3D11RHI: RHI does not have support for 64 bit atomics
[2026.01.07-18.43.34:730][  0]LogD3D11RHI: Intel Extensions support version Full=16777216, Major=1, Minor=0, Revision=0
[2026.01.07-18.43.34:730][  0]LogD3D11RHI: Intel Extensions support version Full=16777217, Major=1, Minor=0, Revision=1
[2026.01.07-18.43.34:731][  0]LogD3D11RHI: Intel Extensions Framework enabled
[2026.01.07-18.43.34:732][  0]LogD3D11RHI: [IntelMetricsDiscovery] Started
[2026.01.07-18.43.34:732][  0]LogD3D11RHI: Async texture creation enabled
[2026.01.07-18.43.34:732][  0]LogD3D11RHI: Array index from any shader is supported
[2026.01.07-18.43.34:745][  0]LogD3D11RHI: GPU Timing Frequency: 12.000048 (Debug: 2 0)
[2026.01.07-18.43.35:500][  0]LogTargetPlatformManager: Display: Loaded TargetPlatform 'AllDesktop'
[2026.01.07-18.43.35:546][  0]LogTargetPlatformManager: Display: Loaded TargetPlatform 'Android'
[2026.01.07-18.43.35:546][  0]LogTargetPlatformManager: Display: Loaded TargetPlatform 'Android_ASTC'
[2026.01.07-18.43.35:546][  0]LogTargetPlatformManager: Display: Loaded TargetPlatform 'Android_DXT'
[2026.01.07-18.43.35:546][  0]LogTargetPlatformManager: Display: Loaded TargetPlatform 'Android_ETC2'
[2026.01.07-18.43.35:546][  0]LogTargetPlatformManager: Display: Loaded TargetPlatform 'AndroidClient'
[2026.01.07-18.43.35:546][  0]LogTargetPlatformManager: Display: Loaded TargetPlatform 'Android_ASTCClient'
[2026.01.07-18.43.35:546][  0]LogTargetPlatformManager: Display: Loaded TargetPlatform 'Android_DXTClient'
[2026.01.07-18.43.35:546][  0]LogTargetPlatformManager: Display: Loaded TargetPlatform 'Android_ETC2Client'
[2026.01.07-18.43.35:546][  0]LogTargetPlatformManager: Display: Loaded TargetPlatform 'Android_Multi'
[2026.01.07-18.43.35:546][  0]LogTargetPlatformManager: Display: Loaded TargetPlatform 'Android_MultiClient'
[2026.01.07-18.43.35:594][  0]LogTargetPlatformManager: Display: Loaded TargetPlatform 'IOSClient'
[2026.01.07-18.43.35:594][  0]LogTargetPlatformManager: Display: Loaded TargetPlatform 'IOS'
[2026.01.07-18.43.35:620][  0]LogTargetPlatformManager: Display: Loaded TargetPlatform 'Linux'
[2026.01.07-18.43.35:629][  0]LogTargetPlatformManager: Display: Loaded TargetPlatform 'LinuxNoEditor'
[2026.01.07-18.43.35:644][  0]LogTargetPlatformManager: Display: Loaded TargetPlatform 'LinuxClient'
[2026.01.07-18.43.35:661][  0]LogTargetPlatformManager: Display: Loaded TargetPlatform 'LinuxServer'
[2026.01.07-18.43.35:685][  0]LogTargetPlatformManager: Display: Loaded TargetPlatform 'LinuxAArch64NoEditor'
[2026.01.07-18.43.35:693][  0]LogTargetPlatformManager: Display: Loaded TargetPlatform 'LinuxAArch64Client'
[2026.01.07-18.43.35:701][  0]LogTargetPlatformManager: Display: Loaded TargetPlatform 'LinuxAArch64Server'
[2026.01.07-18.43.35:750][  0]LogTargetPlatformManager: Display: Loaded TargetPlatform 'Lumin'
[2026.01.07-18.43.35:750][  0]LogTargetPlatformManager: Display: Loaded TargetPlatform 'LuminClient'
[2026.01.07-18.43.35:773][  0]LogTargetPlatformManager: Display: Loaded TargetPlatform 'MacNoEditor'
[2026.01.07-18.43.35:789][  0]LogTargetPlatformManager: Display: Loaded TargetPlatform 'Mac'
[2026.01.07-18.43.35:797][  0]LogTargetPlatformManager: Display: Loaded TargetPlatform 'MacClient'
[2026.01.07-18.43.35:804][  0]LogTargetPlatformManager: Display: Loaded TargetPlatform 'MacServer'
[2026.01.07-18.43.35:828][  0]LogTargetPlatformManager: Display: Loaded TargetPlatform 'TVOSClient'
[2026.01.07-18.43.35:828][  0]LogTargetPlatformManager: Display: Loaded TargetPlatform 'TVOS'
[2026.01.07-18.43.35:845][  0]LogTargetPlatformManager: Display: Loaded TargetPlatform 'WindowsNoEditor'
[2026.01.07-18.43.35:860][  0]LogTargetPlatformManager: Display: Loaded TargetPlatform 'Windows'
[2026.01.07-18.43.35:875][  0]LogTargetPlatformManager: Display: Loaded TargetPlatform 'WindowsClient'
[2026.01.07-18.43.35:884][  0]LogTargetPlatformManager: Display: Loaded TargetPlatform 'WindowsServer'
[2026.01.07-18.43.35:884][  0]LogTargetPlatformManager: Display: Building Assets For Windows
[2026.01.07-18.43.35:928][  0]LogAudioDebug: Display: Lib vorbis DLL was dynamically loaded.
[2026.01.07-18.43.36:062][  0]LogTextureFormatOodle: Display: Oodle Texture 2.9.0 init RDO Off
[2026.01.07-18.43.36:220][  0]LogRendererCore: Ray tracing is disabled. Reason: r.RayTracing=0.
[2026.01.07-18.43.36:220][  0]LogShaderCompilers: Guid format shader working directory is -33 characters bigger than the processId version (../../../../../../Users/Dom/Desktop/unreal/TopDownShooter01/TopDownShooter01/Intermediate/Shaders/WorkingDirectory/24388/).
[2026.01.07-18.43.36:220][  0]LogShaderCompilers: Cleaned the shader compiler working directory 'C:/Users/Dom/AppData/Local/Temp/UnrealShaderWorkingDir/79B7A0854B51E96D60A081A4F33B6792/'.
[2026.01.07-18.43.36:220][  0]LogXGEController: Cannot use XGE Controller as Incredibuild is not installed on this machine.
[2026.01.07-18.43.36:221][  0]LogShaderCompilers: Cannot use XGE Shader Compiler as Incredibuild is not installed on this machine.
[2026.01.07-18.43.36:221][  0]LogShaderCompilers: Display: Using Local Shader Compiler.
[2026.01.07-18.43.37:594][  0]LogDerivedDataCache: Display: Max Cache Size: 512 MB
[2026.01.07-18.43.37:677][  0]LogDerivedDataCache: Loaded boot cache 0.08s 94MB C:/Users/Dom/AppData/Local/UnrealEngine/4.27/DerivedDataCache/Boot.ddc.
[2026.01.07-18.43.37:677][  0]LogDerivedDataCache: Display: Loaded Boot cache: C:/Users/Dom/AppData/Local/UnrealEngine/4.27/DerivedDataCache/Boot.ddc
[2026.01.07-18.43.37:677][  0]LogDerivedDataCache: FDerivedDataBackendGraph:  Pak pak cache file ../../../../../../Users/Dom/Desktop/unreal/TopDownShooter01/TopDownShooter01/DerivedDataCache/DDC.ddp not found, will not use a pak cache.
[2026.01.07-18.43.37:677][  0]LogDerivedDataCache: Unable to find inner node Pak for hierarchical cache Hierarchy.
[2026.01.07-18.43.37:677][  0]LogDerivedDataCache: FDerivedDataBackendGraph:  CompressedPak pak cache file ../../../../../../Users/Dom/Desktop/unreal/TopDownShooter01/TopDownShooter01/DerivedDataCache/Compressed.ddp not found, will not use a pak cache.
[2026.01.07-18.43.37:677][  0]LogDerivedDataCache: Unable to find inner node CompressedPak for hierarchical cache Hierarchy.
[2026.01.07-18.43.37:703][  0]LogDerivedDataCache: Display: Pak cache opened for reading ../../../Engine/DerivedDataCache/Compressed.ddp.
[2026.01.07-18.43.37:705][  0]LogDerivedDataCache: FDerivedDataBackendGraph:  EnterprisePak pak cache file ../../../Enterprise/DerivedDataCache/Compressed.ddp not found, will not use a pak cache.
[2026.01.07-18.43.37:705][  0]LogDerivedDataCache: Unable to find inner node EnterprisePak for hierarchical cache Hierarchy.
[2026.01.07-18.43.37:714][  0]LogDerivedDataCache: Speed tests for C:/Users/Dom/AppData/Local/UnrealEngine/Common/DerivedDataCache took 0.01 seconds
[2026.01.07-18.43.37:714][  0]LogDerivedDataCache: Display: Performance to C:/Users/Dom/AppData/Local/UnrealEngine/Common/DerivedDataCache: Latency=0.04ms. RandomReadSpeed=596.91MBs, RandomWriteSpeed=123.71MBs. Assigned SpeedClass 'Local'
[2026.01.07-18.43.37:715][  0]LogDerivedDataCache: Using Local data cache path C:/Users/Dom/AppData/Local/UnrealEngine/Common/DerivedDataCache: Writable
[2026.01.07-18.43.37:715][  0]LogDerivedDataCache: Shared data cache path not found in *engine.ini, will not use an Shared cache.
[2026.01.07-18.43.37:715][  0]LogDerivedDataCache: Unable to find inner node Shared for hierarchical cache Hierarchy.
[2026.01.07-18.43.37:794][  0]LogSlate: Using FreeType 2.10.0
[2026.01.07-18.43.37:795][  0]LogSlate: SlateFontServices - WITH_FREETYPE: 1, WITH_HARFBUZZ: 1
[2026.01.07-18.43.37:838][  0]LogAssetRegistry: FAssetRegistry took 0.0054 seconds to start up
[2026.01.07-18.43.38:313][  0]LogInit: Selected Device Profile: [Windows]
[2026.01.07-18.43.38:313][  0]LogInit: Active device profile: [0000023F14376C00][0000023F07668840 49] Windows
[2026.01.07-18.43.38:315][  0]LogInit: Profiles: [0000023F14376C00][0000023F07668840 49] Windows, [0000023F14321C00][0000023F0E1DE980 49] WindowsNoEditor, [0000023F14377A00][0000023F0E1E2AC0 49] WindowsServer, [0000023F14322800][0000023F0E1E6C00 49] WindowsClient, [0000023F14375800][0000023F13FE6D40 49] IOS, [0000023F14322D00][0000023F13FEEEC0 49] iPadAir, [0000023F14376600][0000023F13FF3040 49] iPadAir2, [0000023F162B5300][0000023F11E9F300 49] IPadPro, [0000023F162B5400][0000023F13FF7340 49] iPadAir3, [0000023F14322300][0000023F11EA34C0 49] iPadAir4, [0000023F162B6200][0000023F11EA7640 49] iPadMini2, [0000023F14320400][0000023F11EAB7C0 49] iPadMini3, [0000023F162B6E00][0000023F11EAF940 49] iPadMini4, [0000023F14323800][0000023F11EB3AC0 49] iPadMini5, [0000023F162DCC00][0000023F0E61A200 49] iPhone6, [0000023F162DCD00][0000023F11EB6240 49] iPodTouch6, [0000023F14375C00][0000023F0E622500 49] iPhone7, [0000023F14375B00][0000023F0E61E540 49] iPodTouch7, [0000023F162B7A00][0000023F0E6266C0 49] iPhone5S, [0000023F162B4200][0000023F0E62A840 49] iPhone6Plus, [0000023F162DFD00][0000023F0E62E9C0 49] iPhone6S, [0000023F162B4800][0000023F0E632B40 49] iPhone6SPlus, [0000023F162DF200][0000023F13FEAC80 49] iPhone7Plus, [0000023F162B5200][0000023F0E636DC0 49] iPhoneSE, [0000023F162DC500][0000023F0E63AF00 49] iPhone8, [0000023F162B6000][0000023F0E643080 49] iPhone8Plus, [0000023F162DCF00][0000023F0E647200 49] iPhoneX, [0000023F162B5E00][0000023F0E64B380 49] iPhoneXS, [0000023F162DE000][0000023F0E64F500 49] iPhoneXSMax, [0000023F162B6400][0000023F0E653680 49] iPhoneXR, [0000023F162DE400][0000023F0E657800 49] iPhone11, [0000023F14375500][0000023F0E65B980 49] iPhone11Pro, [0000023F162DF700][0000023F0E65FB00 49] iPhone11ProMax, [0000023F14377D00][0000023F0E662100 49] iPhoneSE2, [0000023F162DC200][0000023F0E666280 49] iPhone12Mini, [0000023F14377900][0000023F0E66A400 49] iPhone12, [0000023F162DC700][0000023F0E66E580 49] iPhone12Pro, [0000023F14374F00][0000023F0E672700 49] iPhone12ProMax, [0000023F162DD200][0000023F0E676880 49] iPadPro105, [0000023F14375D00][0000023F0E67AA00 49] iPadPro129, [0000023F162DEA00][0000023F0E67EB80 49] iPadPro97, [0000023F14376E00][0000023F0E682D00 49] iPadPro2_129, [0000023F162DFB00][0000023F0E63EE40 49] iPad5, [0000023F14375400][0000023F0E68EF80 49] iPad6, [0000023F162DDD00][0000023F0E6930C0 49] iPad7, [0000023F14374500][0000023F166C5240 49] iPad8, [0000023F162DD400][0000023F166D13C0 49] iPadPro11, [0000023F14374800][0000023F166FD540 49] iPadPro2_11, [0000023F162DD000][0000023F142CD6C0 49] iPadPro3_129, [0000023F14375200][0000023F142D1840 49] iPadPro4_129, [0000023F162DF000][0000023F142D59C0 49] AppleTV, [0000023F14377200][0000023F0C7ADB40 49] AppleTV4K, [0000023F162DC800][0000023F142D8140 49] TVOS, [0000023F14374B00][0000023F142DC2C0 49] Mac, [0000023F162DC400][0000023F142E0440 49] MacClient, [0000023F14374700][0000023F142E45C0 49] MacNoEditor, [0000023F162DF500][0000023F142E8740 49] MacServer, [0000023F14376000][0000023F142EC8C0 49] Linux, [0000023F162DDC00][0000023F163CAA40 49] LinuxAArch64, [0000023F14376700][0000023F11E92BC0 49] LinuxNoEditor, [0000023F162DEC00][0000023F11E96D40 49] LinuxAArch64NoEditor, [0000023F14375600][0000023F163CEEC0 49] LinuxClient, [0000023F162DDA00][0000023F166C1000 49] LinuxAArch64Client, [0000023F14375700][0000023F163D7140 49] LinuxServer, [0000023F162DD300][0000023F1411D280 49] LinuxAArch64Server, [0000023F14374900][0000023F142533C0 49] Android, [0000023F162DF100][0000023F1674D540 49] Android_Low, [0000023F14374600][0000023F167516C0 49] Android_Mid, [0000023F162DE600][0000023F1675F840 49] Android_High, [0000023F14376200][0000023F167639C0 49] Android_Default, [0000023F162DC300][0000023F16767B40 49] Android_Adreno4xx, [0000023F14376400][0000023F1676A140 49] Android_Adreno5xx_Low, [0000023F162DC100][0000023F168F22C0 49] Android_Adreno5xx, [0000023F14376B00][0000023F16966440 49] Android_Adreno6xx, [0000023F162DF800][0000023F0C73C5C0 49] Android_Adreno6xx_Vulkan, [0000023F162B7B00][0000023F0C740740 49] Android_Mali_T6xx, [0000023F14320300][0000023F0C7448C0 49] Android_Mali_T7xx, [0000023F162B6900][0000023F0C748A40 49] Android_Mali_T8xx, [0000023F14321200][0000023F0C760BC0 49] Android_Mali_G71, [0000023F162B5A00][0000023F0C76CD40 49] Android_Mali_G72, [0000023F14321A00][0000023F0C770EC0 49] Android_Mali_G72_Vulkan, [0000023F162B5700][0000023F0C775040 49] Android_Mali_G76, [0000023F14323D00][0000023F16749180 49] Android_Mali_G76_Vulkan, [0000023F162B5600][0000023F0C77D2C0 49] Android_Mali_G77, [0000023F14322F00][0000023F1636B400 49] Android_Mali_G77_Vulkan, [0000023F162B4A00][0000023F0C781540 49] Android_Mali_G78, [0000023F14321700][0000023F0C7896C0 49] Android_Mali_G78_Vulkan, [0000023F162B4E00][0000023F16367840 49] Android_Mali_G710, [0000023F14321000][0000023F0C7799C0 49] Android_Mali_G710_Vulkan, [0000023F162B6D00][0000023F11DC1B40 49] Android_Vulkan_SM5, [0000023F14321100][0000023F11E48140 49] Android_PowerVR_G6xxx, [0000023F162B7D00][0000023F11E4C2C0 49] Android_PowerVR_GT7xxx, [0000023F14320100][0000023F11E50440 49] Android_PowerVR_GE8xxx, [0000023F162B7600][0000023F1409E5C0 49] Android_PowerVR_GM9xxx, [0000023F14323F00][0000023F140A2740 49] Android_PowerVR_GM9xxx_Vulkan, [0000023F162B7500][0000023F141208C0 49] Android_TegraK1, [0000023F14320600][0000023F163D2A40 49] Android_Unknown_Vulkan, [0000023F162B4100][0000023F166C8BC0 49] Lumin, [0000023F14322400][0000023F166CCD40 49] Lumin_Desktop, [0000023F162B4300][0000023F140A6EC0 49] HoloLens, 
[2026.01.07-18.43.38:629][  0]LogMeshReduction: Using QuadricMeshReduction for automatic static mesh reduction
[2026.01.07-18.43.38:629][  0]LogMeshReduction: Using SimplygonMeshReduction for automatic skeletal mesh reduction
[2026.01.07-18.43.38:629][  0]LogMeshReduction: Using ProxyLODMeshReduction for automatic mesh merging
[2026.01.07-18.43.38:629][  0]LogMeshReduction: No distributed automatic mesh merging module available
[2026.01.07-18.43.38:629][  0]LogMeshMerging: No distributed automatic mesh merging module available
[2026.01.07-18.43.38:662][  0]LogNetVersion: TopDownShooter01 1.0.0, NetCL: 17155196, EngineNetVer: 17, GameNetVer: 0 (Checksum: 3610810474)
[2026.01.07-18.43.39:325][  0]LogTexture: Default maximum texture size for cubemaps generated from long-lat sources has been changed from 512 to unlimited. In order to preserve old behaiour for '/Engine/MapTemplates/Sky/DaylightAmbientCubemap.DaylightAmbientCubemap', its maximum texture size has been explicitly set to 512.
[2026.01.07-18.43.39:396][  0]LogHMD: PokeAHoleMaterial loaded successfully
[2026.01.07-18.43.39:404][  0]LogUObjectArray: 17178 objects as part of root set at end of initial load.
[2026.01.07-18.43.39:404][  0]LogUObjectAllocator: 4302048 out of 0 bytes used by permanent object pool.
[2026.01.07-18.43.39:404][  0]LogUObjectArray: CloseDisregardForGC: 0/0 objects in disregard for GC pool
[2026.01.07-18.43.40:205][  0]LogNiagaraDebuggerClient: Niagara Debugger Client Initialized | Session: 9B88034C4145EF044691B2B89DD429DF | Instance: C2E74C9E449C5D3569E2BCA54CBDB344 (DESKTOP-N1SACPM-24388).
[2026.01.07-18.43.40:322][  0]LogPython: Using Python 3.7.7
[2026.01.07-18.43.41:353][  0]LogTcpMessaging: Initializing TcpMessaging bridge
[2026.01.07-18.43.41:380][  0]LogUdpMessaging: Initializing bridge on interface 0.0.0.0:0 to multicast group 230.0.0.1:6666.
[2026.01.07-18.43.41:695][  0]SourceControl: Source control is disabled
[2026.01.07-18.43.41:695][  0]SourceControl: Source control is disabled
[2026.01.07-18.43.41:701][  0]SourceControl: Source control is disabled
[2026.01.07-18.43.41:705][  0]SourceControl: Source control is disabled
[2026.01.07-18.43.41:739][  0]SourceControl: Source control is disabled
[2026.01.07-18.43.41:751][  0]LogUProjectInfo: Found projects:
[2026.01.07-18.43.41:756][  0]LogVSAccessor: Display: Unable to create Visual Studio setup instance: 80040154
[2026.01.07-18.43.41:759][  0]LogVSAccessor: Display: Unable to create Visual Studio setup instance: 80040154
[2026.01.07-18.43.41:760][  0]LogVSAccessor: Display: Unable to create Visual Studio setup instance: 80040154
[2026.01.07-18.43.42:385][  0]LogOpenImageDenoise: OIDN starting up
[2026.01.07-18.43.42:539][  0]LogAndroidPermission: UAndroidPermissionCallbackProxy::GetInstance
[2026.01.07-18.43.42:611][  0]LogAudioCaptureCore: Display: No Audio Capture implementations found. Audio input will be silent.
[2026.01.07-18.43.42:611][  0]LogAudioCaptureCore: Display: No Audio Capture implementations found. Audio input will be silent.
[2026.01.07-18.43.43:078][  0]LogCollectionManager: Loaded 0 collections in 0.002343 seconds
[2026.01.07-18.43.43:131][  0]LogFileCache: Scanning file cache for directory 'C:/Users/Dom/Desktop/unreal/TopDownShooter01/TopDownShooter01/Saved/Collections/' took 0.00s
[2026.01.07-18.43.43:131][  0]LogFileCache: Scanning file cache for directory 'C:/Users/Dom/Desktop/unreal/TopDownShooter01/TopDownShooter01/Content/Developers/Dom/Collections/' took 0.00s
[2026.01.07-18.43.43:131][  0]LogFileCache: Scanning file cache for directory 'C:/Users/Dom/Desktop/unreal/TopDownShooter01/TopDownShooter01/Content/Collections/' took 0.00s
[2026.01.07-18.43.43:131][  0]LogOcInput: OculusInput pre-init called
[2026.01.07-18.43.43:547][  0]LogEngine: Initializing Engine...
[2026.01.07-18.43.43:566][  0]LogHMD: Failed to enumerate extensions. Please check that you have a valid OpenXR runtime installed.
[2026.01.07-18.43.43:566][  0]LogHMD: Failed to initialize OpenVR with code 110
[2026.01.07-18.43.43:566][  0]LogMagicLeap: Warning: VR disabled because ZI is not enabled.  To enable, in the editor, Edit -> Project Settings -> Plugins -> Magic Leap Plugin -> Enable Zero Iteration
[2026.01.07-18.43.43:568][  0]LogStats: UGameplayTagsManager::InitializeManager -  0.000 s
[2026.01.07-18.43.43:745][  0]LogInit: Initializing FReadOnlyCVARCache
[2026.01.07-18.43.43:774][  0]LogAIModule: Creating AISystem for world Untitled
[2026.01.07-18.43.43:775][  0]LogAudio: Display: Initializing Audio Device Manager...
[2026.01.07-18.43.43:789][  0]LogAudio: Display: Loading Default Audio Settings Objects...
[2026.01.07-18.43.43:791][  0]LogAudio: Display: No default SoundConcurrencyObject specified (or failed to load).
[2026.01.07-18.43.43:792][  0]LogAudio: Display: Audio Device Manager Initialized
[2026.01.07-18.43.43:792][  0]LogAudio: Display: Creating Audio Device:                 Id: 1, Scope: Shared, Realtime: True
[2026.01.07-18.43.43:792][  0]LogAudioMixer: Display: Audio Mixer Platform Settings:
[2026.01.07-18.43.43:792][  0]LogAudioMixer: Display: 	Sample Rate:						  48000
[2026.01.07-18.43.43:792][  0]LogAudioMixer: Display: 	Callback Buffer Frame Size Requested: 1024
[2026.01.07-18.43.43:792][  0]LogAudioMixer: Display: 	Callback Buffer Frame Size To Use:	  1024
[2026.01.07-18.43.43:792][  0]LogAudioMixer: Display: 	Number of buffers to queue:			  2
[2026.01.07-18.43.43:792][  0]LogAudioMixer: Display: 	Max Channels (voices):				  32
[2026.01.07-18.43.43:792][  0]LogAudioMixer: Display: 	Number of Async Source Workers:		  0
[2026.01.07-18.43.43:792][  0]LogAudio: Display: AudioDevice MaxSources: 32
[2026.01.07-18.43.43:793][  0]LogAudio: Display: Audio Spatialization Plugin: None (built-in).
[2026.01.07-18.43.43:793][  0]LogAudio: Display: Audio Reverb Plugin: None (built-in).
[2026.01.07-18.43.43:793][  0]LogAudio: Display: Audio Occlusion Plugin: None (built-in).
[2026.01.07-18.43.43:793][  0]LogAudioMixer: Display: Initializing audio mixer.
[2026.01.07-18.43.43:840][  0]LogAudioMixer: Display: 0: FrontLeft
[2026.01.07-18.43.43:841][  0]LogAudioMixer: Display: 1: FrontRight
[2026.01.07-18.43.43:871][  0]LogAudioMixer: Display: Using Audio Device cegła (JBL Go 3)
[2026.01.07-18.43.43:875][  0]LogAudioMixer: Display: Initializing Sound Submixes...
[2026.01.07-18.43.43:878][  0]LogAudioMixer: Display: Creating Master Submix 'MasterSubmixDefault'
[2026.01.07-18.43.43:879][  0]LogAudioMixer: Display: Creating Master Submix 'MasterReverbSubmixDefault'
[2026.01.07-18.43.43:880][  0]LogAudioMixer: Display: Creating Master Submix 'MasterEQSubmixDefault'
[2026.01.07-18.43.43:880][  0]LogAudioMixer: FMixerPlatformXAudio2::StartAudioStream() called
[2026.01.07-18.43.43:880][  0]LogAudioMixer: Display: Output buffers initialized: Frames=1024, Channels=2, Samples=2048
[2026.01.07-18.43.43:881][  0]LogAudioMixer: Display: Starting AudioMixerPlatformInterface::RunInternal()
[2026.01.07-18.43.43:881][  0]LogAudioMixer: Display: FMixerPlatformXAudio2::SubmitBuffer() called for the first time
[2026.01.07-18.43.43:881][  0]LogInit: FAudioDevice initialized.
[2026.01.07-18.43.43:881][  0]LogAudio: Display: Audio Device (ID: 1) registered with world 'Untitled'.
[2026.01.07-18.43.43:882][  0]LogNetVersion: Set ProjectVersion to 1.0.0.0. Version Checksum will be recalculated on next use.
[2026.01.07-18.43.43:970][  0]LogDerivedDataCache: Saved boot cache 0.09s 94MB C:/Users/Dom/AppData/Local/UnrealEngine/4.27/DerivedDataCache/Boot.ddc.
[2026.01.07-18.43.43:971][  0]LogInit: Texture streaming: Enabled
[2026.01.07-18.43.44:006][  0]LogAnalytics: Display: [UEEditor.Rocket.Release] APIServer = https://datarouter.ol.epicgames.com/. AppVersion = 4.27.2-18319896+++UE4+Release-4.27
[2026.01.07-18.43.44:022][  0]LogEngineSessionManager: EngineSessionManager initialized
[2026.01.07-18.43.44:022][  0]LogEditorSessionSummary: Verbose: Initializing EditorSessionSummaryWriter for editor session tracking
[2026.01.07-18.43.44:034][  0]LogEditorSessionSummary: EditorSessionSummaryWriter initialized
[2026.01.07-18.43.44:089][  0]LogInit: Transaction tracking system initialized
[2026.01.07-18.43.44:168][  0]BlueprintLog: New page: Editor Load
[2026.01.07-18.43.44:383][  0]LocalizationService: Localization service is disabled
[2026.01.07-18.43.44:490][  0]TimingProfiler: Initialize
[2026.01.07-18.43.44:490][  0]TimingProfiler: OnSessionChanged
[2026.01.07-18.43.44:490][  0]LoadingProfiler: Initialize
[2026.01.07-18.43.44:491][  0]LoadingProfiler: OnSessionChanged
[2026.01.07-18.43.44:491][  0]NetworkingProfiler: Initialize
[2026.01.07-18.43.44:491][  0]NetworkingProfiler: OnSessionChanged
[2026.01.07-18.43.44:491][  0]MemoryProfiler: Initialize
[2026.01.07-18.43.44:491][  0]MemoryProfiler: OnSessionChanged
[2026.01.07-18.43.44:677][  0]LogVSAccessor: Display: Unable to create Visual Studio setup instance: 80040154
[2026.01.07-18.43.44:678][  0]LogVSAccessor: Display: Unable to create Visual Studio setup instance: 80040154
[2026.01.07-18.43.44:681][  0]LogVSAccessor: Display: Unable to create Visual Studio setup instance: 80040154
[2026.01.07-18.43.44:917][  0]LogCook: Display: CookSettings for Memory: MemoryMaxUsedVirtual 0MiB, MemoryMaxUsedPhysical 16384MiB, MemoryMinFreeVirtual 0MiB, MemoryMinFreePhysical 1024MiB
[2026.01.07-18.43.44:918][  0]LogCook: Display: Mobile HDR setting 1
[2026.01.07-18.43.45:606][  0]LogFileCache: Scanning file cache for directory 'C:/Users/Dom/Desktop/unreal/TopDownShooter01/TopDownShooter01/Content/' took 0.03s
[2026.01.07-18.43.46:060][  0]LogInit: Display: Engine is initialized. Leaving FEngineLoop::Init()
[2026.01.07-18.43.46:079][  0]SourceControl: Source control is disabled
[2026.01.07-18.43.46:079][  0]LogUnrealEdMisc: Loading editor; pre map load, took 16.952
[2026.01.07-18.43.46:079][  0]Cmd: MAP LOAD FILE="../../../../../../Users/Dom/Desktop/unreal/TopDownShooter01/TopDownShooter01/Content/StarterContent/Maps/Minimal_Default.umap" TEMPLATE=0 SHOWPROGRESS=1 FEATURELEVEL=3
[2026.01.07-18.43.46:080][  0]LightingResults: New page: Lighting Build
[2026.01.07-18.43.46:083][  0]LogWorld: UWorld::CleanupWorld for Untitled, bSessionEnded=true, bCleanupResources=true
[2026.01.07-18.43.46:083][  0]LogSlate: InvalidateAllWidgets triggered.  All widgets were invalidated
[2026.01.07-18.43.46:083][  0]MapCheck: New page: Map Check
[2026.01.07-18.43.46:083][  0]LightingResults: New page: Lighting Build
[2026.01.07-18.43.46:095][  0]LogAudio: Display: Audio Device unregistered from world 'None'.
[2026.01.07-18.43.46:101][  0]LogUObjectHash: Compacting FUObjectHashTables data took   2.07ms
[2026.01.07-18.43.46:305][  0]LogTexture: Display: Building textures: DeprecatedTextureD6C57B644F03DADF4F2699848FAEA3C3 (BGRA8, 128X128)
[2026.01.07-18.43.46:314][  0]LogTexture: Display: Building textures: DeprecatedTexture8D91C9AE4C6B8D628CDA3C848426284A (BGRA8, 128X128)
[2026.01.07-18.43.46:410][  0]LogAudio: Display: Audio Device (ID: 1) registered with world 'Minimal_Default'.
[2026.01.07-18.43.46:411][  0]LogAIModule: Creating AISystem for world Minimal_Default
[2026.01.07-18.43.46:422][  0]LogEditorServer: Finished looking for orphan Actors (0.000 secs)
[2026.01.07-18.43.46:447][  0]LogUObjectHash: Compacting FUObjectHashTables data took   2.87ms
[2026.01.07-18.43.46:447][  0]Cmd: MAP CHECKDEP NOCLEARLOG
[2026.01.07-18.43.46:448][  0]MapCheck: Map check complete: 0 Error(s), 0 Warning(s), took 0,294ms to complete.
[2026.01.07-18.43.46:448][  0]LogFileHelpers: Loading map 'Minimal_Default' took 0.368
[2026.01.07-18.43.46:452][  0]LogUnrealEdMisc: Total Editor Startup Time, took 17.325
[2026.01.07-18.43.46:693][  0]LogSlate: Updating window title bar state: overlay mode, drag disabled, window buttons hidden, title bar hidden
[2026.01.07-18.43.46:709][  0]LogSlate: Updating window title bar state: overlay mode, drag disabled, window buttons hidden, title bar hidden
[2026.01.07-18.43.46:722][  0]LogSlate: Updating window title bar state: overlay mode, drag disabled, window buttons hidden, title bar hidden
[2026.01.07-18.43.46:737][  0]LogSlate: Updating window title bar state: overlay mode, drag disabled, window buttons hidden, title bar hidden
[2026.01.07-18.43.46:781][  0]LogNativeClassHierarchy: Verbose: Native class hierarchy populated in 0.0240 seconds. Added 3822 classes and 928 folders.
[2026.01.07-18.43.46:788][  0]LogNativeClassHierarchy: Verbose: Native class hierarchy updated for 'WidgetCarousel' in 0.0007 seconds. Added 0 classes and 0 folders.
[2026.01.07-18.43.46:792][  0]LogPakFile: PakFile PrimaryIndexSize=187
[2026.01.07-18.43.46:792][  0]LogPakFile: PakFile PathHashIndexSize=101
[2026.01.07-18.43.46:792][  0]LogPakFile: PakFile FullDirectoryIndexSize=148
[2026.01.07-18.43.46:793][  0]LogShaderLibrary: Display: ShaderCodeLibraryPakFileMountedCallback: PakFile 'C:/Program Files/Epic Games/UE_4.27/FeaturePacks/FP_FirstPerson.upack' (chunk index -1, root 'root:/') mounted
[2026.01.07-18.43.46:793][  0]LogShaderLibrary: Display: ShaderCodeLibraryPakFileMountedCallback: pending pak file info (ChunkID:-1 Root:root:/ File:C:/Program Files/Epic Games/UE_4.27/FeaturePacks/FP_FirstPerson.upack)
[2026.01.07-18.43.46:793][  0]LogPakFile: OnPakFileMounted2Time == 0.000189
[2026.01.07-18.43.46:795][  0]LogPakFile: PakFile PrimaryIndexSize=189
[2026.01.07-18.43.46:795][  0]LogPakFile: PakFile PathHashIndexSize=101
[2026.01.07-18.43.46:795][  0]LogPakFile: PakFile FullDirectoryIndexSize=152
[2026.01.07-18.43.46:795][  0]LogShaderLibrary: Display: ShaderCodeLibraryPakFileMountedCallback: PakFile 'C:/Program Files/Epic Games/UE_4.27/FeaturePacks/FP_FirstPersonBP.upack' (chunk index -1, root 'root:/') mounted
[2026.01.07-18.43.46:795][  0]LogShaderLibrary: Display: ShaderCodeLibraryPakFileMountedCallback: pending pak file info (ChunkID:-1 Root:root:/ File:C:/Program Files/Epic Games/UE_4.27/FeaturePacks/FP_FirstPersonBP.upack)
[2026.01.07-18.43.46:795][  0]LogPakFile: OnPakFileMounted2Time == 0.000108
[2026.01.07-18.43.46:796][  0]LogPakFile: PakFile PrimaryIndexSize=191
[2026.01.07-18.43.46:796][  0]LogPakFile: PakFile PathHashIndexSize=101
[2026.01.07-18.43.46:796][  0]LogPakFile: PakFile FullDirectoryIndexSize=160
[2026.01.07-18.43.46:796][  0]LogShaderLibrary: Display: ShaderCodeLibraryPakFileMountedCallback: PakFile 'C:/Program Files/Epic Games/UE_4.27/FeaturePacks/MobileStarterContent.upack' (chunk index -1, root 'root:/') mounted
[2026.01.07-18.43.46:796][  0]LogShaderLibrary: Display: ShaderCodeLibraryPakFileMountedCallback: pending pak file info (ChunkID:-1 Root:root:/ File:C:/Program Files/Epic Games/UE_4.27/FeaturePacks/MobileStarterContent.upack)
[2026.01.07-18.43.46:796][  0]LogPakFile: OnPakFileMounted2Time == 0.000110
[2026.01.07-18.43.46:797][  0]LogPakFile: PakFile PrimaryIndexSize=185
[2026.01.07-18.43.46:798][  0]LogPakFile: PakFile PathHashIndexSize=101
[2026.01.07-18.43.46:798][  0]LogPakFile: PakFile FullDirectoryIndexSize=148
[2026.01.07-18.43.46:798][  0]LogShaderLibrary: Display: ShaderCodeLibraryPakFileMountedCallback: PakFile 'C:/Program Files/Epic Games/UE_4.27/FeaturePacks/StarterContent.upack' (chunk index -1, root 'root:/') mounted
[2026.01.07-18.43.46:798][  0]LogShaderLibrary: Display: ShaderCodeLibraryPakFileMountedCallback: pending pak file info (ChunkID:-1 Root:root:/ File:C:/Program Files/Epic Games/UE_4.27/FeaturePacks/StarterContent.upack)
[2026.01.07-18.43.46:798][  0]LogPakFile: OnPakFileMounted2Time == 0.000113
[2026.01.07-18.43.46:799][  0]LogPakFile: PakFile PrimaryIndexSize=190
[2026.01.07-18.43.46:799][  0]LogPakFile: PakFile PathHashIndexSize=101
[2026.01.07-18.43.46:799][  0]LogPakFile: PakFile FullDirectoryIndexSize=154
[2026.01.07-18.43.46:799][  0]LogShaderLibrary: Display: ShaderCodeLibraryPakFileMountedCallback: PakFile 'C:/Program Files/Epic Games/UE_4.27/FeaturePacks/TP_2DSideScroller.upack' (chunk index -1, root 'root:/') mounted
[2026.01.07-18.43.46:799][  0]LogShaderLibrary: Display: ShaderCodeLibraryPakFileMountedCallback: pending pak file info (ChunkID:-1 Root:root:/ File:C:/Program Files/Epic Games/UE_4.27/FeaturePacks/TP_2DSideScroller.upack)
[2026.01.07-18.43.46:799][  0]LogPakFile: OnPakFileMounted2Time == 0.000097
[2026.01.07-18.43.46:800][  0]LogPakFile: PakFile PrimaryIndexSize=192
[2026.01.07-18.43.46:800][  0]LogPakFile: PakFile PathHashIndexSize=101
[2026.01.07-18.43.46:800][  0]LogPakFile: PakFile FullDirectoryIndexSize=158
[2026.01.07-18.43.46:800][  0]LogShaderLibrary: Display: ShaderCodeLibraryPakFileMountedCallback: PakFile 'C:/Program Files/Epic Games/UE_4.27/FeaturePacks/TP_2DSideScrollerBP.upack' (chunk index -1, root 'root:/') mounted
[2026.01.07-18.43.46:800][  0]LogShaderLibrary: Display: ShaderCodeLibraryPakFileMountedCallback: pending pak file info (ChunkID:-1 Root:root:/ File:C:/Program Files/Epic Games/UE_4.27/FeaturePacks/TP_2DSideScrollerBP.upack)
[2026.01.07-18.43.46:800][  0]LogPakFile: OnPakFileMounted2Time == 0.000105
[2026.01.07-18.43.46:801][  0]LogPakFile: PakFile PrimaryIndexSize=182
[2026.01.07-18.43.46:801][  0]LogPakFile: PakFile PathHashIndexSize=101
[2026.01.07-18.43.46:801][  0]LogPakFile: PakFile FullDirectoryIndexSize=138
[2026.01.07-18.43.46:801][  0]LogShaderLibrary: Display: ShaderCodeLibraryPakFileMountedCallback: PakFile 'C:/Program Files/Epic Games/UE_4.27/FeaturePacks/TP_Flying.upack' (chunk index -1, root 'root:/') mounted
[2026.01.07-18.43.46:801][  0]LogShaderLibrary: Display: ShaderCodeLibraryPakFileMountedCallback: pending pak file info (ChunkID:-1 Root:root:/ File:C:/Program Files/Epic Games/UE_4.27/FeaturePacks/TP_Flying.upack)
[2026.01.07-18.43.46:801][  0]LogPakFile: OnPakFileMounted2Time == 0.000095
[2026.01.07-18.43.46:802][  0]LogPakFile: PakFile PrimaryIndexSize=184
[2026.01.07-18.43.46:802][  0]LogPakFile: PakFile PathHashIndexSize=101
[2026.01.07-18.43.46:804][  0]LogPakFile: PakFile FullDirectoryIndexSize=142
[2026.01.07-18.43.46:804][  0]LogShaderLibrary: Display: ShaderCodeLibraryPakFileMountedCallback: PakFile 'C:/Program Files/Epic Games/UE_4.27/FeaturePacks/TP_FlyingBP.upack' (chunk index -1, root 'root:/') mounted
[2026.01.07-18.43.46:804][  0]LogShaderLibrary: Display: ShaderCodeLibraryPakFileMountedCallback: pending pak file info (ChunkID:-1 Root:root:/ File:C:/Program Files/Epic Games/UE_4.27/FeaturePacks/TP_FlyingBP.upack)
[2026.01.07-18.43.46:804][  0]LogPakFile: OnPakFileMounted2Time == 0.000107
[2026.01.07-18.43.46:805][  0]LogPakFile: PakFile PrimaryIndexSize=188
[2026.01.07-18.43.46:805][  0]LogPakFile: PakFile PathHashIndexSize=101
[2026.01.07-18.43.46:805][  0]LogPakFile: PakFile FullDirectoryIndexSize=150
[2026.01.07-18.43.46:805][  0]LogShaderLibrary: Display: ShaderCodeLibraryPakFileMountedCallback: PakFile 'C:/Program Files/Epic Games/UE_4.27/FeaturePacks/TP_HandheldARBP.upack' (chunk index -1, root 'root:/') mounted
[2026.01.07-18.43.46:805][  0]LogShaderLibrary: Display: ShaderCodeLibraryPakFileMountedCallback: pending pak file info (ChunkID:-1 Root:root:/ File:C:/Program Files/Epic Games/UE_4.27/FeaturePacks/TP_HandheldARBP.upack)
[2026.01.07-18.43.46:805][  0]LogPakFile: OnPakFileMounted2Time == 0.000116
[2026.01.07-18.43.46:806][  0]LogPakFile: PakFile PrimaryIndexSize=182
[2026.01.07-18.43.46:807][  0]LogPakFile: PakFile PathHashIndexSize=101
[2026.01.07-18.43.46:807][  0]LogPakFile: PakFile FullDirectoryIndexSize=138
[2026.01.07-18.43.46:807][  0]LogShaderLibrary: Display: ShaderCodeLibraryPakFileMountedCallback: PakFile 'C:/Program Files/Epic Games/UE_4.27/FeaturePacks/TP_Puzzle.upack' (chunk index -1, root 'root:/') mounted
[2026.01.07-18.43.46:807][  0]LogShaderLibrary: Display: ShaderCodeLibraryPakFileMountedCallback: pending pak file info (ChunkID:-1 Root:root:/ File:C:/Program Files/Epic Games/UE_4.27/FeaturePacks/TP_Puzzle.upack)
[2026.01.07-18.43.46:807][  0]LogPakFile: OnPakFileMounted2Time == 0.000098
[2026.01.07-18.43.46:808][  0]LogPakFile: PakFile PrimaryIndexSize=184
[2026.01.07-18.43.46:808][  0]LogPakFile: PakFile PathHashIndexSize=101
[2026.01.07-18.43.46:808][  0]LogPakFile: PakFile FullDirectoryIndexSize=142
[2026.01.07-18.43.46:808][  0]LogShaderLibrary: Display: ShaderCodeLibraryPakFileMountedCallback: PakFile 'C:/Program Files/Epic Games/UE_4.27/FeaturePacks/TP_PuzzleBP.upack' (chunk index -1, root 'root:/') mounted
[2026.01.07-18.43.46:808][  0]LogShaderLibrary: Display: ShaderCodeLibraryPakFileMountedCallback: pending pak file info (ChunkID:-1 Root:root:/ File:C:/Program Files/Epic Games/UE_4.27/FeaturePacks/TP_PuzzleBP.upack)
[2026.01.07-18.43.46:808][  0]LogPakFile: OnPakFileMounted2Time == 0.000096
[2026.01.07-18.43.46:809][  0]LogPakFile: PakFile PrimaryIndexSize=183
[2026.01.07-18.43.46:809][  0]LogPakFile: PakFile PathHashIndexSize=101
[2026.01.07-18.43.46:809][  0]LogPakFile: PakFile FullDirectoryIndexSize=140
[2026.01.07-18.43.46:809][  0]LogShaderLibrary: Display: ShaderCodeLibraryPakFileMountedCallback: PakFile 'C:/Program Files/Epic Games/UE_4.27/FeaturePacks/TP_Rolling.upack' (chunk index -1, root 'root:/') mounted
[2026.01.07-18.43.46:809][  0]LogShaderLibrary: Display: ShaderCodeLibraryPakFileMountedCallback: pending pak file info (ChunkID:-1 Root:root:/ File:C:/Program Files/Epic Games/UE_4.27/FeaturePacks/TP_Rolling.upack)
[2026.01.07-18.43.46:809][  0]LogPakFile: OnPakFileMounted2Time == 0.000097
[2026.01.07-18.43.46:811][  0]LogPakFile: PakFile PrimaryIndexSize=185
[2026.01.07-18.43.46:811][  0]LogPakFile: PakFile PathHashIndexSize=101
[2026.01.07-18.43.46:811][  0]LogPakFile: PakFile FullDirectoryIndexSize=144
[2026.01.07-18.43.46:811][  0]LogShaderLibrary: Display: ShaderCodeLibraryPakFileMountedCallback: PakFile 'C:/Program Files/Epic Games/UE_4.27/FeaturePacks/TP_RollingBP.upack' (chunk index -1, root 'root:/') mounted
[2026.01.07-18.43.46:811][  0]LogShaderLibrary: Display: ShaderCodeLibraryPakFileMountedCallback: pending pak file info (ChunkID:-1 Root:root:/ File:C:/Program Files/Epic Games/UE_4.27/FeaturePacks/TP_RollingBP.upack)
[2026.01.07-18.43.46:811][  0]LogPakFile: OnPakFileMounted2Time == 0.000103
[2026.01.07-18.43.46:812][  0]LogPakFile: PakFile PrimaryIndexSize=188
[2026.01.07-18.43.46:812][  0]LogPakFile: PakFile PathHashIndexSize=101
[2026.01.07-18.43.46:812][  0]LogPakFile: PakFile FullDirectoryIndexSize=150
[2026.01.07-18.43.46:812][  0]LogShaderLibrary: Display: ShaderCodeLibraryPakFileMountedCallback: PakFile 'C:/Program Files/Epic Games/UE_4.27/FeaturePacks/TP_SideScroller.upack' (chunk index -1, root 'root:/') mounted
[2026.01.07-18.43.46:812][  0]LogShaderLibrary: Display: ShaderCodeLibraryPakFileMountedCallback: pending pak file info (ChunkID:-1 Root:root:/ File:C:/Program Files/Epic Games/UE_4.27/FeaturePacks/TP_SideScroller.upack)
[2026.01.07-18.43.46:812][  0]LogPakFile: OnPakFileMounted2Time == 0.000104
[2026.01.07-18.43.46:814][  0]LogPakFile: PakFile PrimaryIndexSize=190
[2026.01.07-18.43.46:814][  0]LogPakFile: PakFile PathHashIndexSize=101
[2026.01.07-18.43.46:814][  0]LogPakFile: PakFile FullDirectoryIndexSize=154
[2026.01.07-18.43.46:814][  0]LogShaderLibrary: Display: ShaderCodeLibraryPakFileMountedCallback: PakFile 'C:/Program Files/Epic Games/UE_4.27/FeaturePacks/TP_SideScrollerBP.upack' (chunk index -1, root 'root:/') mounted
[2026.01.07-18.43.46:814][  0]LogShaderLibrary: Display: ShaderCodeLibraryPakFileMountedCallback: pending pak file info (ChunkID:-1 Root:root:/ File:C:/Program Files/Epic Games/UE_4.27/FeaturePacks/TP_SideScrollerBP.upack)
[2026.01.07-18.43.46:814][  0]LogPakFile: OnPakFileMounted2Time == 0.000097
[2026.01.07-18.43.46:814][  0]LogPakFile: PakFile PrimaryIndexSize=187
[2026.01.07-18.43.46:814][  0]LogPakFile: PakFile PathHashIndexSize=101
[2026.01.07-18.43.46:814][  0]LogPakFile: PakFile FullDirectoryIndexSize=148
[2026.01.07-18.43.46:814][  0]LogShaderLibrary: Display: ShaderCodeLibraryPakFileMountedCallback: PakFile 'C:/Program Files/Epic Games/UE_4.27/FeaturePacks/TP_ThirdPerson.upack' (chunk index -1, root 'root:/') mounted
[2026.01.07-18.43.46:814][  0]LogShaderLibrary: Display: ShaderCodeLibraryPakFileMountedCallback: pending pak file info (ChunkID:-1 Root:root:/ File:C:/Program Files/Epic Games/UE_4.27/FeaturePacks/TP_ThirdPerson.upack)
[2026.01.07-18.43.46:814][  0]LogPakFile: OnPakFileMounted2Time == 0.000090
[2026.01.07-18.43.46:816][  0]LogPakFile: PakFile PrimaryIndexSize=189
[2026.01.07-18.43.46:816][  0]LogPakFile: PakFile PathHashIndexSize=101
[2026.01.07-18.43.46:816][  0]LogPakFile: PakFile FullDirectoryIndexSize=152
[2026.01.07-18.43.46:816][  0]LogShaderLibrary: Display: ShaderCodeLibraryPakFileMountedCallback: PakFile 'C:/Program Files/Epic Games/UE_4.27/FeaturePacks/TP_ThirdPersonBP.upack' (chunk index -1, root 'root:/') mounted
[2026.01.07-18.43.46:816][  0]LogShaderLibrary: Display: ShaderCodeLibraryPakFileMountedCallback: pending pak file info (ChunkID:-1 Root:root:/ File:C:/Program Files/Epic Games/UE_4.27/FeaturePacks/TP_ThirdPersonBP.upack)
[2026.01.07-18.43.46:816][  0]LogPakFile: OnPakFileMounted2Time == 0.000089
[2026.01.07-18.43.46:818][  0]LogPakFile: PakFile PrimaryIndexSize=183
[2026.01.07-18.43.46:818][  0]LogPakFile: PakFile PathHashIndexSize=101
[2026.01.07-18.43.46:818][  0]LogPakFile: PakFile FullDirectoryIndexSize=140
[2026.01.07-18.43.46:818][  0]LogShaderLibrary: Display: ShaderCodeLibraryPakFileMountedCallback: PakFile 'C:/Program Files/Epic Games/UE_4.27/FeaturePacks/TP_TopDown.upack' (chunk index -1, root 'root:/') mounted
[2026.01.07-18.43.46:818][  0]LogShaderLibrary: Display: ShaderCodeLibraryPakFileMountedCallback: pending pak file info (ChunkID:-1 Root:root:/ File:C:/Program Files/Epic Games/UE_4.27/FeaturePacks/TP_TopDown.upack)
[2026.01.07-18.43.46:818][  0]LogPakFile: OnPakFileMounted2Time == 0.000128
[2026.01.07-18.43.46:819][  0]LogPakFile: PakFile PrimaryIndexSize=185
[2026.01.07-18.43.46:819][  0]LogPakFile: PakFile PathHashIndexSize=101
[2026.01.07-18.43.46:819][  0]LogPakFile: PakFile FullDirectoryIndexSize=144
[2026.01.07-18.43.46:819][  0]LogShaderLibrary: Display: ShaderCodeLibraryPakFileMountedCallback: PakFile 'C:/Program Files/Epic Games/UE_4.27/FeaturePacks/TP_TopDownBP.upack' (chunk index -1, root 'root:/') mounted
[2026.01.07-18.43.46:820][  0]LogShaderLibrary: Display: ShaderCodeLibraryPakFileMountedCallback: pending pak file info (ChunkID:-1 Root:root:/ File:C:/Program Files/Epic Games/UE_4.27/FeaturePacks/TP_TopDownBP.upack)
[2026.01.07-18.43.46:820][  0]LogPakFile: OnPakFileMounted2Time == 0.000145
[2026.01.07-18.43.46:821][  0]LogPakFile: PakFile PrimaryIndexSize=185
[2026.01.07-18.43.46:821][  0]LogPakFile: PakFile PathHashIndexSize=101
[2026.01.07-18.43.46:821][  0]LogPakFile: PakFile FullDirectoryIndexSize=144
[2026.01.07-18.43.46:821][  0]LogShaderLibrary: Display: ShaderCodeLibraryPakFileMountedCallback: PakFile 'C:/Program Files/Epic Games/UE_4.27/FeaturePacks/TP_TwinStick.upack' (chunk index -1, root 'root:/') mounted
[2026.01.07-18.43.46:821][  0]LogShaderLibrary: Display: ShaderCodeLibraryPakFileMountedCallback: pending pak file info (ChunkID:-1 Root:root:/ File:C:/Program Files/Epic Games/UE_4.27/FeaturePacks/TP_TwinStick.upack)
[2026.01.07-18.43.46:821][  0]LogPakFile: OnPakFileMounted2Time == 0.000121
[2026.01.07-18.43.46:822][  0]LogPakFile: PakFile PrimaryIndexSize=187
[2026.01.07-18.43.46:822][  0]LogPakFile: PakFile PathHashIndexSize=101
[2026.01.07-18.43.46:822][  0]LogPakFile: PakFile FullDirectoryIndexSize=148
[2026.01.07-18.43.46:822][  0]LogShaderLibrary: Display: ShaderCodeLibraryPakFileMountedCallback: PakFile 'C:/Program Files/Epic Games/UE_4.27/FeaturePacks/TP_TwinStickBP.upack' (chunk index -1, root 'root:/') mounted
[2026.01.07-18.43.46:822][  0]LogShaderLibrary: Display: ShaderCodeLibraryPakFileMountedCallback: pending pak file info (ChunkID:-1 Root:root:/ File:C:/Program Files/Epic Games/UE_4.27/FeaturePacks/TP_TwinStickBP.upack)
[2026.01.07-18.43.46:822][  0]LogPakFile: OnPakFileMounted2Time == 0.000094
[2026.01.07-18.43.46:823][  0]LogPakFile: PakFile PrimaryIndexSize=183
[2026.01.07-18.43.46:823][  0]LogPakFile: PakFile PathHashIndexSize=101
[2026.01.07-18.43.46:823][  0]LogPakFile: PakFile FullDirectoryIndexSize=140
[2026.01.07-18.43.46:823][  0]LogShaderLibrary: Display: ShaderCodeLibraryPakFileMountedCallback: PakFile 'C:/Program Files/Epic Games/UE_4.27/FeaturePacks/TP_Vehicle.upack' (chunk index -1, root 'root:/') mounted
[2026.01.07-18.43.46:823][  0]LogShaderLibrary: Display: ShaderCodeLibraryPakFileMountedCallback: pending pak file info (ChunkID:-1 Root:root:/ File:C:/Program Files/Epic Games/UE_4.27/FeaturePacks/TP_Vehicle.upack)
[2026.01.07-18.43.46:823][  0]LogPakFile: OnPakFileMounted2Time == 0.000107
[2026.01.07-18.43.46:825][  0]LogPakFile: PakFile PrimaryIndexSize=186
[2026.01.07-18.43.46:825][  0]LogPakFile: PakFile PathHashIndexSize=101
[2026.01.07-18.43.46:825][  0]LogPakFile: PakFile FullDirectoryIndexSize=146
[2026.01.07-18.43.46:825][  0]LogShaderLibrary: Display: ShaderCodeLibraryPakFileMountedCallback: PakFile 'C:/Program Files/Epic Games/UE_4.27/FeaturePacks/TP_VehicleAdv.upack' (chunk index -1, root 'root:/') mounted
[2026.01.07-18.43.46:825][  0]LogShaderLibrary: Display: ShaderCodeLibraryPakFileMountedCallback: pending pak file info (ChunkID:-1 Root:root:/ File:C:/Program Files/Epic Games/UE_4.27/FeaturePacks/TP_VehicleAdv.upack)
[2026.01.07-18.43.46:825][  0]LogPakFile: OnPakFileMounted2Time == 0.000101
[2026.01.07-18.43.46:827][  0]LogPakFile: PakFile PrimaryIndexSize=188
[2026.01.07-18.43.46:827][  0]LogPakFile: PakFile PathHashIndexSize=101
[2026.01.07-18.43.46:827][  0]LogPakFile: PakFile FullDirectoryIndexSize=150
[2026.01.07-18.43.46:827][  0]LogShaderLibrary: Display: ShaderCodeLibraryPakFileMountedCallback: PakFile 'C:/Program Files/Epic Games/UE_4.27/FeaturePacks/TP_VehicleAdvBP.upack' (chunk index -1, root 'root:/') mounted
[2026.01.07-18.43.46:827][  0]LogShaderLibrary: Display: ShaderCodeLibraryPakFileMountedCallback: pending pak file info (ChunkID:-1 Root:root:/ File:C:/Program Files/Epic Games/UE_4.27/FeaturePacks/TP_VehicleAdvBP.upack)
[2026.01.07-18.43.46:827][  0]LogPakFile: OnPakFileMounted2Time == 0.000097
[2026.01.07-18.43.46:828][  0]LogPakFile: PakFile PrimaryIndexSize=185
[2026.01.07-18.43.46:828][  0]LogPakFile: PakFile PathHashIndexSize=101
[2026.01.07-18.43.46:828][  0]LogPakFile: PakFile FullDirectoryIndexSize=144
[2026.01.07-18.43.46:828][  0]LogShaderLibrary: Display: ShaderCodeLibraryPakFileMountedCallback: PakFile 'C:/Program Files/Epic Games/UE_4.27/FeaturePacks/TP_VehicleBP.upack' (chunk index -1, root 'root:/') mounted
[2026.01.07-18.43.46:828][  0]LogShaderLibrary: Display: ShaderCodeLibraryPakFileMountedCallback: pending pak file info (ChunkID:-1 Root:root:/ File:C:/Program Files/Epic Games/UE_4.27/FeaturePacks/TP_VehicleBP.upack)
[2026.01.07-18.43.46:828][  0]LogPakFile: OnPakFileMounted2Time == 0.000090
[2026.01.07-18.43.46:829][  0]LogPakFile: PakFile PrimaryIndexSize=192
[2026.01.07-18.43.46:829][  0]LogPakFile: PakFile PathHashIndexSize=101
[2026.01.07-18.43.46:829][  0]LogPakFile: PakFile FullDirectoryIndexSize=158
[2026.01.07-18.43.46:829][  0]LogShaderLibrary: Display: ShaderCodeLibraryPakFileMountedCallback: PakFile 'C:/Program Files/Epic Games/UE_4.27/FeaturePacks/TP_VirtualRealityBP.upack' (chunk index -1, root 'root:/') mounted
[2026.01.07-18.43.46:829][  0]LogShaderLibrary: Display: ShaderCodeLibraryPakFileMountedCallback: pending pak file info (ChunkID:-1 Root:root:/ File:C:/Program Files/Epic Games/UE_4.27/FeaturePacks/TP_VirtualRealityBP.upack)
[2026.01.07-18.43.46:829][  0]LogPakFile: OnPakFileMounted2Time == 0.000089
[2026.01.07-18.43.46:985][  0]LogNativeClassHierarchy: Verbose: Native class hierarchy updated for 'AddContentDialog' in 0.0005 seconds. Added 0 classes and 0 folders.
[2026.01.07-18.43.46:987][  0]LogNativeClassHierarchy: Verbose: Native class hierarchy updated for 'SceneOutliner' in 0.0005 seconds. Added 2 classes and 0 folders.
[2026.01.07-18.43.47:051][  0]LogSlate: Took 0.000379 seconds to synchronously load lazily loaded font '../../../Engine/Content/Slate/Fonts/Roboto-Regular.ttf' (155K)
[2026.01.07-18.43.47:053][  0]LogSlate: Took 0.000375 seconds to synchronously load lazily loaded font '../../../Engine/Content/Editor/Slate/Fonts/FontAwesome.ttf' (139K)
[2026.01.07-18.43.47:057][  0]LogSlate: Took 0.000560 seconds to synchronously load lazily loaded font '../../../Engine/Content/Slate/Fonts/Roboto-Bold.ttf' (160K)
[2026.01.07-18.43.47:276][  0]LogRenderer: Reallocating scene render targets to support 640x336 Format 10 NumSamples 1 (Frame:1).
[2026.01.07-18.43.47:439][  0]LogNativeClassHierarchy: Verbose: Native class hierarchy updated for 'HierarchicalLODOutliner' in 0.0005 seconds. Added 0 classes and 0 folders.
[2026.01.07-18.43.47:439][  0]LogLoad: (Engine Initialization) Total time: 18.31 seconds
[2026.01.07-18.43.47:439][  0]LogLoad: (Engine Initialization) Total Blueprint compile time: 0.00 seconds
[2026.01.07-18.43.47:520][  0]LogContentStreaming: Texture pool size now 1000 MB
[2026.01.07-18.43.47:579][  1]LogAssetRegistry: Asset discovery search completed in 9.7440 seconds
[2026.01.07-18.43.47:600][  1]LogCollectionManager: Fixed up redirectors for 0 collections in 0.000010 seconds (updated 0 objects)
[2026.01.07-18.43.47:807][  2]LogSlate: Took 0.000582 seconds to synchronously load lazily loaded font '../../../Engine/Content/Slate/Fonts/Roboto-Light.ttf' (167K)
[2026.01.07-18.43.48:573][ 15]LogSlate: Took 0.000612 seconds to synchronously load lazily loaded font '../../../Engine/Content/Slate/Fonts/Roboto-Light.ttf' (167K)
[2026.01.07-18.51.16:455][310]LogUObjectHash: Compacting FUObjectHashTables data took   1.76ms
[2026.01.07-18.51.16:968][310]LogSkeletalMesh: Display: [AssetLog] C:\Users\Dom\Desktop\unreal\TopDownShooter01\TopDownShooter01\Content\Weapons\Rifle.uasset: Find and fix some bad tangent! please re-import this skeletal mesh asset to fix the issue. The shading of the skeletal mesh will be bad and faceted.
[2026.01.07-18.51.16:995][310]LogScript: Warning: Accessed None trying to read property K2Node_DynamicCast_AsBP_Spider
	BS_Spider_C /Game/shooter.shooter:PersistentLevel.spider1_2.CharacterMesh0.BS_Spider_C_0
	Function /Game/Animation/BS_Spider.BS_Spider_C:ExecuteUbergraph_BS_Spider:0028
[2026.01.07-18.51.16:995][310]LogScript: Warning: Accessed None trying to read property K2Node_DynamicCast_AsBP_Spider
	BS_Spider_C /Game/shooter.shooter:PersistentLevel.spider2_2.CharacterMesh0.BS_Spider_C_0
	Function /Game/Animation/BS_Spider.BS_Spider_C:ExecuteUbergraph_BS_Spider:0028
[2026.01.07-18.51.16:998][310]LogAssetEditorSubsystem: Opening Asset editor for World /Game/shooter.shooter
[2026.01.07-18.51.16:998][310]Cmd: MAP LOAD FILE="../../../../../../Users/Dom/Desktop/unreal/TopDownShooter01/TopDownShooter01/Content/shooter.umap" TEMPLATE=0 SHOWPROGRESS=1 FEATURELEVEL=3
[2026.01.07-18.51.16:998][310]LightingResults: New page: Lighting Build
[2026.01.07-18.51.16:999][310]LoadErrors: New page: Loading map: shooter.umap
[2026.01.07-18.51.17:004][310]LogWorld: UWorld::CleanupWorld for Minimal_Default, bSessionEnded=true, bCleanupResources=true
[2026.01.07-18.51.17:004][310]LogSlate: InvalidateAllWidgets triggered.  All widgets were invalidated
[2026.01.07-18.51.17:004][310]MapCheck: New page: Map Check
[2026.01.07-18.51.17:004][310]LightingResults: New page: Lighting Build
[2026.01.07-18.51.17:013][310]LogAudio: Display: Audio Device unregistered from world 'None'.
[2026.01.07-18.51.17:020][310]LogUObjectHash: Compacting FUObjectHashTables data took   1.53ms
[2026.01.07-18.51.17:021][310]LogAudio: Display: Audio Device (ID: 1) registered with world 'shooter'.
[2026.01.07-18.51.17:024][310]LogScript: Warning: Accessed None trying to read property K2Node_DynamicCast_AsBP_Spider
	BS_Spider_C /Game/shooter.shooter:PersistentLevel.spider1_2.CharacterMesh0.BS_Spider_C_0
	Function /Game/Animation/BS_Spider.BS_Spider_C:ExecuteUbergraph_BS_Spider:0028
[2026.01.07-18.51.17:024][310]LogScript: Warning: Accessed None trying to read property K2Node_DynamicCast_AsBP_Spider
	BS_Spider_C /Game/shooter.shooter:PersistentLevel.spider2_2.CharacterMesh0.BS_Spider_C_0
	Function /Game/Animation/BS_Spider.BS_Spider_C:ExecuteUbergraph_BS_Spider:0028
[2026.01.07-18.51.17:026][310]LogEditorServer: Finished looking for orphan Actors (0.000 secs)
[2026.01.07-18.51.17:026][310]LogAIModule: Creating AISystem for world shooter
[2026.01.07-18.51.17:027][310]LogNavigation: Warning: Recreating dtNavMesh instance due to saved navmesh origin (X=200.000 Y=0.000 Z=0.000, usually the RecastNavMesh location) not being aligned with tile size (988 uu) 
[2026.01.07-18.51.17:041][310]LogUObjectHash: Compacting FUObjectHashTables data took   1.16ms
[2026.01.07-18.51.17:048][310]Cmd: MAP CHECKDEP NOCLEARLOG
[2026.01.07-18.51.17:048][310]MapCheck: Map check complete: 0 Error(s), 0 Warning(s), took 0,164ms to complete.
[2026.01.07-18.51.17:048][310]LogFileHelpers: Loading map 'shooter' took 0.050
[2026.01.07-18.51.57:487][518]LogAssetEditorSubsystem: Opening Asset editor for Blueprint /Game/Blueprint/BP/BP_Soldier.BP_Soldier
[2026.01.07-18.51.57:931][518]LogNativeClassHierarchy: Verbose: Native class hierarchy updated for 'BlueprintGraph' in 0.0009 seconds. Added 126 classes and 0 folders.
[2026.01.07-18.51.59:293][518]LogSlate: Took 0.000297 seconds to synchronously load lazily loaded font '../../../Engine/Content/Slate/Fonts/Roboto-BoldCondensed.ttf' (158K)
[2026.01.07-18.52.09:673][814]LogSlate: Window 'BP_Soldier' being destroyed
[2026.01.07-18.58.21:615][393]BlueprintLog: New page: Compile BP_Soldier
[2026.01.07-18.58.21:762][393]LogUObjectHash: Compacting FUObjectHashTables data took   8.10ms
